2026-09-04T14:18:40.872+0300 [DEBUG] [org.gradle.launcher.daemon.bootstrap.DaemonMain] Assuming the daemon was started with following jvm opts: [-Xmx4096m, -Dfile.encoding=UTF-8, -Duser.country=US, -Duser.language=en, -Duser.variant]
2026-09-04T14:18:40.912+0300 [DEBUG] [org.gradle.internal.remote.internal.inet.InetAddresses] Adding IP addresses for network interface tailscale0
2026-09-04T14:18:40.912+0300 [DEBUG] [org.gradle.internal.remote.internal.inet.InetAddresses] Is this a loopback interface? false
2026-09-04T14:18:40.912+0300 [DEBUG] [org.gradle.internal.remote.internal.inet.InetAddresses] Adding remote address /fd7a:115c:a1e0:0:0:0:ba34:f466%tailscale0
2026-09-04T14:18:40.912+0300 [DEBUG] [org.gradle.internal.remote.internal.inet.InetAddresses] Adding remote address /fe80:0:0:0:42ef:8197:5fab:c75%tailscale0
2026-09-04T14:18:40.912+0300 [DEBUG] [org.gradle.internal.remote.internal.inet.InetAddresses] Adding remote address /100.83.244.101
2026-09-04T14:18:40.913+0300 [DEBUG] [org.gradle.internal.remote.internal.inet.InetAddresses] Adding IP addresses for network interface enp4s0
2026-09-04T14:18:40.913+0300 [DEBUG] [org.gradle.internal.remote.internal.inet.InetAddresses] Is this a loopback interface? false
2026-09-04T14:18:40.913+0300 [DEBUG] [org.gradle.internal.remote.internal.inet.InetAddresses] Adding remote address /fe80:0:0:0:df03:21ce:dccd:4f9d%enp4s0
2026-09-04T14:18:40.913+0300 [DEBUG] [org.gradle.internal.remote.internal.inet.InetAddresses] Adding remote address /192.168.1.95
2026-09-04T14:18:40.913+0300 [DEBUG] [org.gradle.internal.remote.internal.inet.InetAddresses] Adding IP addresses for network interface lo
2026-09-04T14:18:40.913+0300 [DEBUG] [org.gradle.internal.remote.internal.inet.InetAddresses] Is this a loopback interface? true
2026-09-04T14:18:40.913+0300 [DEBUG] [org.gradle.internal.remote.internal.inet.InetAddresses] Adding loopback address /0:0:0:0:0:0:0:1%lo
2026-09-04T14:18:40.913+0300 [DEBUG] [org.gradle.internal.remote.internal.inet.InetAddresses] Adding loopback address /127.0.0.1
2026-09-04T14:18:40.932+0300 [INFO] [org.gradle.launcher.daemon.server.Daemon] start() called on daemon - DefaultDaemonContext[uid=c51c4aa8-c548-4fc9-9e4f-ac1f483ccb01,javaHome=/usr/lib/jvm/java-17-openjdk,javaVersion=17,javaVendor=Arch Linux,daemonRegistryDir=/home/lola/AndroidStudioProjects/Waypoint/.gradle-user-home/daemon,pid=21328,idleTimeout=120000,priority=NORMAL,applyInstrumentationAgent=true,nativeServicesMode=ENABLED,daemonOpts=-Xmx4096m,-Dfile.encoding=UTF-8,-Duser.country=US,-Duser.language=en,-Duser.variant]
2026-09-04T14:18:40.935+0300 [DEBUG] [org.gradle.internal.remote.internal.inet.TcpIncomingConnector] Listening on [ca2636f8-3172-4a96-b97e-d4babd7a0b20 port:33703, addresses:[localhost/127.0.0.1]].
2026-09-04T14:18:40.941+0300 [DEBUG] [org.gradle.launcher.daemon.server.Daemon] Daemon starting at: Fri Sep 04 14:18:40 EEST 2026, with address: [ca2636f8-3172-4a96-b97e-d4babd7a0b20 port:33703, addresses:[localhost/127.0.0.1]]
2026-09-04T14:18:40.941+0300 [INFO] [org.gradle.launcher.daemon.server.DaemonRegistryUpdater] Advertising the daemon address to the clients: [ca2636f8-3172-4a96-b97e-d4babd7a0b20 port:33703, addresses:[localhost/127.0.0.1]]
2026-09-04T14:18:40.941+0300 [DEBUG] [org.gradle.launcher.daemon.server.DaemonRegistryUpdater] Advertised daemon context: DefaultDaemonContext[uid=c51c4aa8-c548-4fc9-9e4f-ac1f483ccb01,javaHome=/usr/lib/jvm/java-17-openjdk,javaVersion=17,javaVendor=Arch Linux,daemonRegistryDir=/home/lola/AndroidStudioProjects/Waypoint/.gradle-user-home/daemon,pid=21328,idleTimeout=120000,priority=NORMAL,applyInstrumentationAgent=true,nativeServicesMode=ENABLED,daemonOpts=-Xmx4096m,-Dfile.encoding=UTF-8,-Duser.country=US,-Duser.language=en,-Duser.variant]
2026-09-04T14:18:40.941+0300 [DEBUG] [org.gradle.launcher.daemon.registry.PersistentDaemonRegistry] Storing daemon address: [ca2636f8-3172-4a96-b97e-d4babd7a0b20 port:33703, addresses:[localhost/127.0.0.1]], context: DefaultDaemonContext[uid=c51c4aa8-c548-4fc9-9e4f-ac1f483ccb01,javaHome=/usr/lib/jvm/java-17-openjdk,javaVersion=17,javaVendor=Arch Linux,daemonRegistryDir=/home/lola/AndroidStudioProjects/Waypoint/.gradle-user-home/daemon,pid=21328,idleTimeout=120000,priority=NORMAL,applyInstrumentationAgent=true,nativeServicesMode=ENABLED,daemonOpts=-Xmx4096m,-Dfile.encoding=UTF-8,-Duser.country=US,-Duser.language=en,-Duser.variant]
2026-09-04T14:18:40.944+0300 [DEBUG] [org.gradle.cache.internal.DefaultFileLockManager] Waiting to acquire exclusive lock on daemon addresses registry.
2026-09-04T14:18:40.946+0300 [DEBUG] [org.gradle.cache.internal.DefaultFileLockManager] Lock acquired on daemon addresses registry.
2026-09-04T14:18:40.949+0300 [DEBUG] [org.gradle.cache.internal.DefaultFileLockManager] Releasing lock on daemon addresses registry.
2026-09-04T14:18:40.949+0300 [LIFECYCLE] [org.gradle.launcher.daemon.server.Daemon] Daemon server started.
2026-09-04T14:18:40.949+0300 [DEBUG] [org.gradle.launcher.daemon.bootstrap.DaemonStartupCommunication] Completed writing the daemon greeting. Closing streams...
2026-09-04T14:18:40.953+0300 [DEBUG] [org.gradle.launcher.daemon.server.Daemon] stopOnExpiration() called on daemon
2026-09-04T14:18:40.953+0300 [DEBUG] [org.gradle.launcher.daemon.server.Daemon] awaitExpiration() called on daemon
2026-09-04T14:18:40.953+0300 [DEBUG] [org.gradle.launcher.daemon.server.DaemonStateCoordinator] daemon is running. Sleeping until state changes.
2026-09-04T14:18:40.960+0300 [DEBUG] [org.gradle.internal.remote.internal.inet.TcpIncomingConnector] Accepted connection from /127.0.0.1:56338 to /127.0.0.1:33703.
2026-09-04T14:18:40.969+0300 [DEBUG] [org.gradle.launcher.daemon.server.SynchronizedDispatchConnection] thread 29: received class org.gradle.launcher.daemon.protocol.Build
2026-09-04T14:18:40.969+0300 [DEBUG] [org.gradle.launcher.daemon.server.DefaultDaemonConnection] thread 29: Received non-IO message from client: Build{id=23a7859a-0ff5-4306-8865-cf967817b771, currentDir=/home/lola/AndroidStudioProjects/Waypoint}
2026-09-04T14:18:40.969+0300 [INFO] [org.gradle.launcher.daemon.server.DefaultIncomingConnectionHandler] Received command: Build{id=23a7859a-0ff5-4306-8865-cf967817b771, currentDir=/home/lola/AndroidStudioProjects/Waypoint}.
2026-09-04T14:18:40.970+0300 [DEBUG] [org.gradle.launcher.daemon.server.DefaultIncomingConnectionHandler] Starting executing command: Build{id=23a7859a-0ff5-4306-8865-cf967817b771, currentDir=/home/lola/AndroidStudioProjects/Waypoint} with connection: socket connection from /127.0.0.1:33703 to /127.0.0.1:56338.
2026-09-04T14:18:40.971+0300 [DEBUG] [org.gradle.launcher.daemon.server.DaemonStateCoordinator] Command execution: started DaemonCommandExecution[command = Build{id=23a7859a-0ff5-4306-8865-cf967817b771, currentDir=/home/lola/AndroidStudioProjects/Waypoint}, connection = DefaultDaemonConnection: socket connection from /127.0.0.1:33703 to /127.0.0.1:56338] after 6.166666666666666E-4 minutes of idle
2026-09-04T14:18:40.971+0300 [INFO] [org.gradle.launcher.daemon.server.DaemonRegistryUpdater] Marking the daemon as busy, address: [ca2636f8-3172-4a96-b97e-d4babd7a0b20 port:33703, addresses:[localhost/127.0.0.1]]
2026-09-04T14:18:40.971+0300 [DEBUG] [org.gradle.launcher.daemon.registry.PersistentDaemonRegistry] Marking busy by address: [ca2636f8-3172-4a96-b97e-d4babd7a0b20 port:33703, addresses:[localhost/127.0.0.1]]
2026-09-04T14:18:40.972+0300 [DEBUG] [org.gradle.cache.internal.DefaultFileLockManager] Waiting to acquire exclusive lock on daemon addresses registry.
2026-09-04T14:18:40.972+0300 [DEBUG] [org.gradle.cache.internal.DefaultFileLockManager] Lock acquired on daemon addresses registry.
2026-09-04T14:18:40.972+0300 [DEBUG] [org.gradle.cache.internal.DefaultFileLockManager] Releasing lock on daemon addresses registry.
2026-09-04T14:18:40.972+0300 [DEBUG] [org.gradle.launcher.daemon.server.DaemonStateCoordinator] resetting idle timer
2026-09-04T14:18:40.973+0300 [DEBUG] [org.gradle.launcher.daemon.server.DaemonStateCoordinator] daemon is running. Sleeping until state changes.
2026-09-04T14:18:40.973+0300 [INFO] [org.gradle.launcher.daemon.server.exec.StartBuildOrRespondWithBusy] Daemon is about to start building Build{id=23a7859a-0ff5-4306-8865-cf967817b771, currentDir=/home/lola/AndroidStudioProjects/Waypoint}. Dispatching build started information...
2026-09-04T14:18:40.973+0300 [DEBUG] [org.gradle.launcher.daemon.server.SynchronizedDispatchConnection] thread 31: dispatching org.gradle.launcher.daemon.protocol.BuildStarted@542c01a6
2026-09-04T14:18:40.974+0300 [DEBUG] [org.gradle.launcher.daemon.server.exec.EstablishBuildEnvironment] Configuring env variables: [PATH, LC_MEASUREMENT, INVOCATION_ID, XAUTHORITY, LC_TELEPHONE, LC_TIME, GIT_PAGER, MOTD_SHOWN, DBUS_SESSION_BUS_ADDRESS, XDG_CURRENT_DESKTOP, JOURNAL_STREAM, MAIL, LD_LIBRARY_PATH, COLORTERM, MANAGERPIDFDID, LC_PAPER, SESSION_MANAGER, LOGNAME, PAM_KWALLET5_LOGIN, MANAGERPID, PWD, TERM_PROGRAM_VERSION, _JAVA_AWT_WM_NONREPARENTING, MANROFFOPT, WINDOWID, KDE_SESSION_VERSION, XKB_DEFAULT_MODEL, SHELL, LC_ADDRESS, PAGER, KDE_FULL_SESSION, XDG_SESSION_PATH, DEBUGINFOD_URLS, SYSTEMD_EXEC_PID, XDG_SESSION_DESKTOP, SHLVL, LC_IDENTIFICATION, KDE_APPLICATIONS_AS_SCOPE, MEMORY_PRESSURE_WRITE, LC_MONETARY, ICEAUTHORITY, MEMORY_PRESSURE_WATCH, NVCC_CCBIN, TERM, KDE_SESSION_UID, XDG_CONFIG_DIRS, XDG_SEAT_PATH, LANG, XDG_SESSION_ID, VIRTUAL_ENV_DISABLE_PROMPT, XDG_SESSION_TYPE, ZED_TERM, DISPLAY, GRADLE_USER_HOME, WAYLAND_DISPLAY, GTK_RC_FILES, XKB_DEFAULT_LAYOUT, LC_NAME, XDG_SESSION_CLASS, CUDA_DISABLE_PERF_BOOST, TERM_PROGRAM, MANPAGER, CUDA_PATH, DESKTOP_SESSION, ANDROID_USER_HOME, USER, GTK2_RC_FILES, XDG_MENU_PREFIX, LC_NUMERIC, XDG_SEAT, QT_WAYLAND_RECONNECT, ZED_ENVIRONMENT, VSSCRIPT_PATH, ALACRITTY_WINDOW_ID, XDG_RUNTIME_DIR, XDG_VTNR, HOME]
2026-09-04T14:18:40.976+0300 [DEBUG] [org.gradle.launcher.daemon.server.exec.LogToClient] About to start relaying all logs to the client via the connection.
2026-09-04T14:18:40.976+0300 [INFO] [org.gradle.launcher.daemon.server.exec.LogToClient] The client will now receive all logging from the daemon (pid: 21328). The daemon log file: /home/lola/AndroidStudioProjects/Waypoint/.gradle-user-home/daemon/9.3.1/daemon-21328.out.log
2026-09-04T14:18:40.977+0300 [DEBUG] [org.gradle.launcher.daemon.server.exec.RequestStopIfSingleUsedDaemon] Requesting daemon stop after processing Build{id=23a7859a-0ff5-4306-8865-cf967817b771, currentDir=/home/lola/AndroidStudioProjects/Waypoint}
2026-09-04T14:18:40.977+0300 [LIFECYCLE] [org.gradle.launcher.daemon.server.DaemonStateCoordinator] Daemon will be stopped at the end of the build 
2026-09-04T14:18:40.977+0300 [DEBUG] [org.gradle.launcher.daemon.server.DaemonStateCoordinator] Stop as soon as idle requested. The daemon is busy
2026-09-04T14:18:40.977+0300 [DEBUG] [org.gradle.launcher.daemon.server.DaemonStateCoordinator] daemon stop has been requested. Sleeping until state changes.
2026-09-04T14:18:40.979+0300 [DEBUG] [org.gradle.launcher.daemon.server.exec.ExecuteBuild] The daemon has started executing the build.
2026-09-04T14:18:40.979+0300 [DEBUG] [org.gradle.launcher.daemon.server.exec.ExecuteBuild] Executing build with daemon context: DefaultDaemonContext[uid=c51c4aa8-c548-4fc9-9e4f-ac1f483ccb01,javaHome=/usr/lib/jvm/java-17-openjdk,javaVersion=17,javaVendor=Arch Linux,daemonRegistryDir=/home/lola/AndroidStudioProjects/Waypoint/.gradle-user-home/daemon,pid=21328,idleTimeout=120000,priority=NORMAL,applyInstrumentationAgent=true,nativeServicesMode=ENABLED,daemonOpts=-Xmx4096m,-Dfile.encoding=UTF-8,-Duser.country=US,-Duser.language=en,-Duser.variant]
Warning: SDK processing. This version only understands SDK XML versions up to 3 but an SDK XML file of version 4 was encountered. This can happen if you use versions of Android Studio and the command-line tools that were released at different times.
e: file:///home/lola/AndroidStudioProjects/Waypoint/app/src/main/java/com/khaled/move/navigation/foot/camera/CameraRouteMath.kt:13:24 Unresolved reference 'GeoUtils'.
e: file:///home/lola/AndroidStudioProjects/Waypoint/app/src/main/java/com/khaled/move/navigation/foot/route/RouteProgressCalculator.kt:12:32 Unresolved reference 'EtaCalculator'.
e: file:///home/lola/AndroidStudioProjects/Waypoint/app/src/main/java/com/khaled/move/navigation/foot/route/RouteProgressCalculator.kt:35:27 Unresolved reference 'reset'.
e: file:///home/lola/AndroidStudioProjects/Waypoint/app/src/main/java/com/khaled/move/navigation/foot/route/RouteProgressCalculator.kt:39:37 Unresolved reference 'calculate'.
e: file:///home/lola/AndroidStudioProjects/Waypoint/app/src/main/java/com/khaled/move/navigation/foot/route/RouteProgressCalculator.kt:84:33 Unresolved reference 'calculate'.

[Incubating] Problems report is available at: file:///home/lola/AndroidStudioProjects/Waypoint/build/reports/problems/problems-report.html

FAILURE: Build failed with an exception.

* What went wrong:
Execution failed for task ':app:compileDebugKotlin'.
> A failure occurred while executing org.jetbrains.kotlin.compilerRunner.btapi.BuildToolsApiCompilationWork
   > Compilation error. See log for more details

* Try:
> Run with --stacktrace option to get the stack trace.
> Run with --info or --debug option to get more log output.
> Run with --scan to get full insights from a Build Scan (powered by Develocity).
> Get more help at https://help.gradle.org.

BUILD FAILED in 8s
29 actionable tasks: 1 executed, 28 up-to-date
2026-09-04T14:18:49.098+0300 [DEBUG] [org.gradle.launcher.daemon.server.exec.ExecuteBuild] The daemon has finished executing the build.
2026-09-04T14:18:49.103+0300 [DEBUG] [org.gradle.launcher.daemon.server.DaemonStateCoordinator] daemon stop has been requested. Sleeping until state changes.
2026-09-04T14:18:49.103+0300 [DEBUG] [org.gradle.launcher.daemon.server.DaemonStateCoordinator] Command execution: finished waiting for DaemonCommandExecution[command = Build{id=23a7859a-0ff5-4306-8865-cf967817b771, currentDir=/home/lola/AndroidStudioProjects/Waypoint}, connection = DefaultDaemonConnection: socket connection from /127.0.0.1:33703 to /127.0.0.1:56338]. Result org.gradle.launcher.daemon.server.DaemonStateCoordinator@19ee34d3 with state StopRequested
2026-09-04T14:18:49.103+0300 [DEBUG] [org.gradle.launcher.daemon.server.DaemonStateCoordinator] Command execution: completed DaemonCommandExecution[command = Build{id=23a7859a-0ff5-4306-8865-cf967817b771, currentDir=/home/lola/AndroidStudioProjects/Waypoint}, connection = DefaultDaemonConnection: socket connection from /127.0.0.1:33703 to /127.0.0.1:56338]
2026-09-04T14:18:49.103+0300 [DEBUG] [org.gradle.launcher.daemon.server.DaemonStateCoordinator] resetting idle timer
2026-09-04T14:18:49.103+0300 [DEBUG] [org.gradle.launcher.daemon.server.DaemonStateCoordinator] Marking daemon stopped due to command completed and stop requested. The daemon is not running a build
2026-09-04T14:18:49.103+0300 [DEBUG] [org.gradle.launcher.daemon.server.DaemonStateCoordinator] daemon has stopped.
2026-09-04T14:18:49.103+0300 [DEBUG] [org.gradle.launcher.daemon.server.exec.ReturnResult] Daemon is dispatching the build result: Success[value=org.gradle.launcher.exec.BuildActionResult@6ee38696]
2026-09-04T14:18:49.103+0300 [DEBUG] [org.gradle.launcher.daemon.server.SynchronizedDispatchConnection] thread 28: dispatching Success[value=org.gradle.launcher.exec.BuildActionResult@6ee38696]
2026-09-04T14:18:49.103+0300 [DEBUG] [org.gradle.launcher.daemon.server.Daemon] stop() called on daemon
2026-09-04T14:18:49.104+0300 [INFO] [org.gradle.launcher.daemon.server.Daemon] Stop requested. Daemon is removing its presence from the registry...
2026-09-04T14:18:49.104+0300 [DEBUG] [org.gradle.launcher.daemon.server.DaemonRegistryUpdater] Removing our presence to clients, eg. removing this address from the registry: [ca2636f8-3172-4a96-b97e-d4babd7a0b20 port:33703, addresses:[localhost/127.0.0.1]]
2026-09-04T14:18:49.104+0300 [DEBUG] [org.gradle.launcher.daemon.registry.PersistentDaemonRegistry] Removing daemon address: [ca2636f8-3172-4a96-b97e-d4babd7a0b20 port:33703, addresses:[localhost/127.0.0.1]]
2026-09-04T14:18:49.104+0300 [DEBUG] [org.gradle.cache.internal.DefaultFileLockManager] Waiting to acquire exclusive lock on daemon addresses registry.
2026-09-04T14:18:49.104+0300 [DEBUG] [org.gradle.cache.internal.DefaultFileLockManager] Lock acquired on daemon addresses registry.
2026-09-04T14:18:49.105+0300 [DEBUG] [org.gradle.cache.internal.DefaultFileLockManager] Releasing lock on daemon addresses registry.
2026-09-04T14:18:49.105+0300 [DEBUG] [org.gradle.launcher.daemon.server.DaemonRegistryUpdater] Address removed from registry.
2026-09-04T14:18:49.107+0300 [DEBUG] [org.gradle.launcher.daemon.server.exec.CleanUpVirtualFileSystemAfterBuild] Cleaning virtual file system after build finished
2026-09-04T14:18:49.107+0300 [DEBUG] [org.gradle.launcher.daemon.server.DefaultIncomingConnectionHandler] Finishing executing command: Build{id=23a7859a-0ff5-4306-8865-cf967817b771, currentDir=/home/lola/AndroidStudioProjects/Waypoint}
2026-09-04T14:18:49.123+0300 [DEBUG] [org.gradle.launcher.daemon.server.SynchronizedDispatchConnection] thread 29: received class org.gradle.launcher.daemon.protocol.CloseInput
2026-09-04T14:18:49.123+0300 [DEBUG] [org.gradle.launcher.daemon.server.DefaultDaemonConnection] thread 29: Received IO message from client: org.gradle.launcher.daemon.protocol.CloseInput@6a626de2
2026-09-04T14:18:49.164+0300 [DEBUG] [org.gradle.launcher.daemon.server.SynchronizedDispatchConnection] thread 29: received class org.gradle.launcher.daemon.protocol.Finished
2026-09-04T14:18:49.164+0300 [DEBUG] [org.gradle.launcher.daemon.server.DefaultDaemonConnection] thread 29: Received non-IO message from client: org.gradle.launcher.daemon.protocol.Finished@314d60b3
2026-09-04T14:18:49.164+0300 [DEBUG] [org.gradle.launcher.daemon.server.DefaultIncomingConnectionHandler] Received finished message: org.gradle.launcher.daemon.protocol.Finished@314d60b3
2026-09-04T14:18:49.164+0300 [DEBUG] [org.gradle.launcher.daemon.server.SynchronizedDispatchConnection] thread 28: stopping connection
2026-09-04T14:18:49.165+0300 [DEBUG] [org.gradle.internal.remote.internal.inet.SocketConnection] Discarding EOFException: java.io.EOFException
2026-09-04T14:18:49.165+0300 [DEBUG] [org.gradle.launcher.daemon.server.SynchronizedDispatchConnection] thread 29: received null
2026-09-04T14:18:49.165+0300 [DEBUG] [org.gradle.launcher.daemon.server.DefaultDaemonConnection] thread 29: Received end-of-input from client.
2026-09-04T14:18:49.165+0300 [DEBUG] [org.gradle.launcher.daemon.server.SynchronizedDispatchConnection] thread 28: stopping connection
2026-09-04T14:18:49.165+0300 [DEBUG] [org.gradle.cache.internal.DefaultCacheCleanupExecutor] jars (/home/lola/AndroidStudioProjects/Waypoint/.gradle-user-home/caches/jars-9) has last been fully cleaned up 1 hours ago
2026-09-04T14:18:49.166+0300 [DEBUG] [org.gradle.cache.internal.DefaultCacheCleanupExecutor] Skipping cleanup for jars (/home/lola/AndroidStudioProjects/Waypoint/.gradle-user-home/caches/jars-9) as it is not yet due
2026-09-04T14:18:49.166+0300 [DEBUG] [org.gradle.cache.internal.DefaultCacheCoordinator] Cache jars (/home/lola/AndroidStudioProjects/Waypoint/.gradle-user-home/caches/jars-9) was closed 0 times.
2026-09-04T14:18:49.166+0300 [DEBUG] [org.gradle.cache.internal.LockOnDemandCrossProcessCacheAccess] Releasing file lock for file content cache (/home/lola/AndroidStudioProjects/Waypoint/.gradle-user-home/caches/9.3.1/fileContent)
2026-09-04T14:18:49.166+0300 [DEBUG] [org.gradle.cache.internal.DefaultFileLockManager] Releasing lock on file content cache (/home/lola/AndroidStudioProjects/Waypoint/.gradle-user-home/caches/9.3.1/fileContent).
2026-09-04T14:18:49.166+0300 [DEBUG] [org.gradle.internal.watch.vfs.impl.WatchingVirtualFileSystem] Closing VFS, dropping state
2026-09-04T14:18:49.171+0300 [DEBUG] [org.gradle.cache.internal.LockOnDemandCrossProcessCacheAccess] Releasing file lock for Generated Gradle JARs cache (/home/lola/AndroidStudioProjects/Waypoint/.gradle-user-home/caches/9.3.1/generated-gradle-jars)
2026-09-04T14:18:49.171+0300 [DEBUG] [org.gradle.internal.watch.registry.impl.DefaultFileWatcherRegistry] Finished listening to file system change events
2026-09-04T14:18:49.171+0300 [DEBUG] [org.gradle.cache.internal.DefaultFileLockManager] Releasing lock on Generated Gradle JARs cache (/home/lola/AndroidStudioProjects/Waypoint/.gradle-user-home/caches/9.3.1/generated-gradle-jars).
2026-09-04T14:18:49.171+0300 [DEBUG] [org.gradle.cache.internal.LockOnDemandCrossProcessCacheAccess] Releasing file lock for artifact cache (/home/lola/AndroidStudioProjects/Waypoint/.gradle-user-home/caches/modules-2)
2026-09-04T14:18:49.171+0300 [DEBUG] [org.gradle.cache.internal.btree.BTreePersistentIndexedCache] Closing cache module-artifact.bin (/home/lola/AndroidStudioProjects/Waypoint/.gradle-user-home/caches/modules-2/metadata-2.107/module-artifact.bin)
2026-09-04T14:18:49.171+0300 [DEBUG] [org.gradle.cache.internal.btree.BTreePersistentIndexedCache] Closing cache module-metadata.bin (/home/lola/AndroidStudioProjects/Waypoint/.gradle-user-home/caches/modules-2/metadata-2.107/module-metadata.bin)
2026-09-04T14:18:49.171+0300 [DEBUG] [org.gradle.cache.internal.DefaultFileLockManager] Releasing lock on artifact cache (/home/lola/AndroidStudioProjects/Waypoint/.gradle-user-home/caches/modules-2).
2026-09-04T14:18:49.171+0300 [DEBUG] [org.gradle.cache.internal.DefaultCacheCleanupExecutor] artifact cache (/home/lola/AndroidStudioProjects/Waypoint/.gradle-user-home/caches/modules-2) has last been fully cleaned up 1 hours ago
2026-09-04T14:18:49.171+0300 [DEBUG] [org.gradle.cache.internal.DefaultCacheCleanupExecutor] Skipping cleanup for artifact cache (/home/lola/AndroidStudioProjects/Waypoint/.gradle-user-home/caches/modules-2) as it is not yet due
2026-09-04T14:18:49.171+0300 [DEBUG] [org.gradle.cache.internal.DefaultCacheCleanupExecutor] groovy-dsl (/home/lola/AndroidStudioProjects/Waypoint/.gradle-user-home/caches/9.3.1/groovy-dsl) has last been fully cleaned up 1 hours ago
2026-09-04T14:18:49.171+0300 [DEBUG] [org.gradle.cache.internal.DefaultCacheCleanupExecutor] Skipping cleanup for groovy-dsl (/home/lola/AndroidStudioProjects/Waypoint/.gradle-user-home/caches/9.3.1/groovy-dsl) as it is not yet due
2026-09-04T14:18:49.171+0300 [DEBUG] [org.gradle.cache.internal.DefaultCacheCoordinator] Cache groovy-dsl (/home/lola/AndroidStudioProjects/Waypoint/.gradle-user-home/caches/9.3.1/groovy-dsl) was closed 0 times.
2026-09-04T14:18:49.171+0300 [DEBUG] [org.gradle.cache.internal.DefaultCacheCleanupExecutor] Artifact transforms cache (/home/lola/AndroidStudioProjects/Waypoint/.gradle-user-home/caches/9.3.1/transforms) has last been fully cleaned up 1 hours ago
2026-09-04T14:18:49.171+0300 [DEBUG] [org.gradle.cache.internal.DefaultCacheCleanupExecutor] Skipping cleanup for Artifact transforms cache (/home/lola/AndroidStudioProjects/Waypoint/.gradle-user-home/caches/9.3.1/transforms) as it is not yet due
2026-09-04T14:18:49.171+0300 [DEBUG] [org.gradle.cache.internal.DefaultCacheCoordinator] Cache Artifact transforms cache (/home/lola/AndroidStudioProjects/Waypoint/.gradle-user-home/caches/9.3.1/transforms) was closed 0 times.
2026-09-04T14:18:49.171+0300 [DEBUG] [org.gradle.cache.internal.DefaultCacheCleanupExecutor] kotlin-dsl (/home/lola/AndroidStudioProjects/Waypoint/.gradle-user-home/caches/9.3.1/kotlin-dsl) has last been fully cleaned up 1 hours ago
2026-09-04T14:18:49.171+0300 [DEBUG] [org.gradle.cache.internal.DefaultCacheCleanupExecutor] Skipping cleanup for kotlin-dsl (/home/lola/AndroidStudioProjects/Waypoint/.gradle-user-home/caches/9.3.1/kotlin-dsl) as it is not yet due
2026-09-04T14:18:49.171+0300 [DEBUG] [org.gradle.cache.internal.DefaultCacheCoordinator] Cache kotlin-dsl (/home/lola/AndroidStudioProjects/Waypoint/.gradle-user-home/caches/9.3.1/kotlin-dsl) was closed 0 times.
2026-09-04T14:18:49.172+0300 [DEBUG] [org.gradle.cache.internal.LockOnDemandCrossProcessCacheAccess] Releasing file lock for journal cache (/home/lola/AndroidStudioProjects/Waypoint/.gradle-user-home/caches/journal-1)
2026-09-04T14:18:49.172+0300 [DEBUG] [org.gradle.cache.internal.btree.BTreePersistentIndexedCache] Closing cache file-access.bin (/home/lola/AndroidStudioProjects/Waypoint/.gradle-user-home/caches/journal-1/file-access.bin)
2026-09-04T14:18:49.172+0300 [DEBUG] [org.gradle.cache.internal.DefaultFileLockManager] Releasing lock on journal cache (/home/lola/AndroidStudioProjects/Waypoint/.gradle-user-home/caches/journal-1).
2026-09-04T14:18:49.172+0300 [DEBUG] [org.gradle.cache.internal.LockOnDemandCrossProcessCacheAccess] Releasing file lock for file hash cache (/home/lola/AndroidStudioProjects/Waypoint/.gradle-user-home/caches/9.3.1/fileHashes)
2026-09-04T14:18:49.172+0300 [DEBUG] [org.gradle.cache.internal.btree.BTreePersistentIndexedCache] Closing cache kotlinDslCompileAvoidanceClasspathHashCache.bin (/home/lola/AndroidStudioProjects/Waypoint/.gradle-user-home/caches/9.3.1/fileHashes/kotlinDslCompileAvoidanceClasspathHashCache.bin)
2026-09-04T14:18:49.172+0300 [DEBUG] [org.gradle.cache.internal.btree.BTreePersistentIndexedCache] Closing cache fileHashes.bin (/home/lola/AndroidStudioProjects/Waypoint/.gradle-user-home/caches/9.3.1/fileHashes/fileHashes.bin)
2026-09-04T14:18:49.172+0300 [DEBUG] [org.gradle.cache.internal.btree.BTreePersistentIndexedCache] Closing cache resourceHashesCache.bin (/home/lola/AndroidStudioProjects/Waypoint/.gradle-user-home/caches/9.3.1/fileHashes/resourceHashesCache.bin)
2026-09-04T14:18:49.172+0300 [DEBUG] [org.gradle.cache.internal.DefaultFileLockManager] Releasing lock on file hash cache (/home/lola/AndroidStudioProjects/Waypoint/.gradle-user-home/caches/9.3.1/fileHashes).
2026-09-04T14:18:49.172+0300 [DEBUG] [org.gradle.internal.operations.DefaultBuildOperationRunner] Build operation 'Deleting unused version-specific caches in /home/lola/AndroidStudioProjects/Waypoint/.gradle-user-home/caches' started
2026-09-04T14:18:49.172+0300 [DEBUG] [org.gradle.internal.operations.DefaultBuildOperationRunner] Completing Build operation 'Deleting unused version-specific caches in /home/lola/AndroidStudioProjects/Waypoint/.gradle-user-home/caches'
2026-09-04T14:18:49.173+0300 [DEBUG] [org.gradle.internal.operations.DefaultBuildOperationRunner] Build operation 'Deleting unused version-specific caches in /home/lola/AndroidStudioProjects/Waypoint/.gradle-user-home/caches' completed
2026-09-04T14:18:49.173+0300 [DEBUG] [org.gradle.launcher.daemon.server.Daemon] stop() called on daemon
2026-09-04T14:18:49.173+0300 [INFO] [org.gradle.launcher.daemon.server.Daemon] Stop requested. Daemon is removing its presence from the registry...
2026-09-04T14:18:49.173+0300 [DEBUG] [org.gradle.launcher.daemon.server.DaemonRegistryUpdater] Removing our presence to clients, eg. removing this address from the registry: [ca2636f8-3172-4a96-b97e-d4babd7a0b20 port:33703, addresses:[localhost/127.0.0.1]]
2026-09-04T14:18:49.173+0300 [DEBUG] [org.gradle.launcher.daemon.registry.PersistentDaemonRegistry] Removing daemon address: [ca2636f8-3172-4a96-b97e-d4babd7a0b20 port:33703, addresses:[localhost/127.0.0.1]]
2026-09-04T14:18:49.173+0300 [DEBUG] [org.gradle.cache.internal.DefaultFileLockManager] Waiting to acquire exclusive lock on daemon addresses registry.
2026-09-04T14:18:49.173+0300 [DEBUG] [org.gradle.cache.internal.DefaultFileLockManager] Lock acquired on daemon addresses registry.
2026-09-04T14:18:49.173+0300 [DEBUG] [org.gradle.cache.internal.DefaultFileLockManager] Releasing lock on daemon addresses registry.
2026-09-04T14:18:49.173+0300 [DEBUG] [org.gradle.launcher.daemon.server.DaemonRegistryUpdater] Address removed from registry.
2026-09-04T14:18:49.174+0300 [DEBUG] [org.gradle.cache.internal.locklistener.DefaultFileLockContentionHandler] File lock listener thread completed.
Daemon vm is shutting down... The daemon has exited normally or was terminated in response to a user interrupt.
2026-09-04T14:18:49.174+0300 [DEBUG] [org.gradle.launcher.daemon.registry.PersistentDaemonRegistry] Removing daemon address: [ca2636f8-3172-4a96-b97e-d4babd7a0b20 port:33703, addresses:[localhost/127.0.0.1]]
2026-09-04T14:18:49.174+0300 [DEBUG] [org.gradle.launcher.daemon.server.Daemon] VM shutdown hook was unable to remove the daemon address from the registry. It will be cleaned up later.
java.lang.IllegalStateException: Cannot start managing file contention because this handler has been closed.
	at org.gradle.cache.internal.locklistener.DefaultFileLockContentionHandler.assertNotStopped(DefaultFileLockContentionHandler.java:267)
	at org.gradle.cache.internal.locklistener.DefaultFileLockContentionHandler.reservePort(DefaultFileLockContentionHandler.java:312)
	at org.gradle.cache.internal.DefaultFileLockManager.lock(DefaultFileLockManager.java:124)
	at org.gradle.cache.internal.DefaultFileLockManager.lock(DefaultFileLockManager.java:106)
	at org.gradle.cache.internal.DefaultFileLockManager.lock(DefaultFileLockManager.java:101)
	at org.gradle.cache.internal.OnDemandFileAccess.updateFile(OnDemandFileAccess.java:51)
	at org.gradle.cache.internal.FileBackedObjectHolder.update(FileBackedObjectHolder.java:77)
	at org.gradle.cache.internal.FileIntegrityViolationSuppressingObjectHolderDecorator.lambda$update$0(FileIntegrityViolationSuppressingObjectHolderDecorator.java:48)
	at org.gradle.cache.internal.FileIntegrityViolationSuppressingObjectHolderDecorator.doUpdate(FileIntegrityViolationSuppressingObjectHolderDecorator.java:58)
	at org.gradle.cache.internal.FileIntegrityViolationSuppressingObjectHolderDecorator.update(FileIntegrityViolationSuppressingObjectHolderDecorator.java:48)
	at org.gradle.launcher.daemon.registry.PersistentDaemonRegistry.remove(PersistentDaemonRegistry.java:133)
	at org.gradle.launcher.daemon.server.Daemon$1.run(Daemon.java:133)
	at java.base/java.lang.Thread.run(Thread.java:840)
