2026-09-04T13:51:48.764+0300 [DEBUG] [org.gradle.launcher.daemon.bootstrap.DaemonMain] Assuming the daemon was started with following jvm opts: [-Xmx4096m, -Dfile.encoding=UTF-8, -Duser.country=US, -Duser.language=en, -Duser.variant]
2026-09-04T13:51:48.799+0300 [DEBUG] [org.gradle.internal.remote.internal.inet.InetAddresses] Adding IP addresses for network interface tailscale0
2026-09-04T13:51:48.799+0300 [DEBUG] [org.gradle.internal.remote.internal.inet.InetAddresses] Is this a loopback interface? false
2026-09-04T13:51:48.799+0300 [DEBUG] [org.gradle.internal.remote.internal.inet.InetAddresses] Adding remote address /fd7a:115c:a1e0:0:0:0:ba34:f466%tailscale0
2026-09-04T13:51:48.799+0300 [DEBUG] [org.gradle.internal.remote.internal.inet.InetAddresses] Adding remote address /fe80:0:0:0:42ef:8197:5fab:c75%tailscale0
2026-09-04T13:51:48.799+0300 [DEBUG] [org.gradle.internal.remote.internal.inet.InetAddresses] Adding remote address /100.83.244.101
2026-09-04T13:51:48.799+0300 [DEBUG] [org.gradle.internal.remote.internal.inet.InetAddresses] Adding IP addresses for network interface enp4s0
2026-09-04T13:51:48.800+0300 [DEBUG] [org.gradle.internal.remote.internal.inet.InetAddresses] Is this a loopback interface? false
2026-09-04T13:51:48.800+0300 [DEBUG] [org.gradle.internal.remote.internal.inet.InetAddresses] Adding remote address /fe80:0:0:0:df03:21ce:dccd:4f9d%enp4s0
2026-09-04T13:51:48.800+0300 [DEBUG] [org.gradle.internal.remote.internal.inet.InetAddresses] Adding remote address /192.168.1.95
2026-09-04T13:51:48.800+0300 [DEBUG] [org.gradle.internal.remote.internal.inet.InetAddresses] Adding IP addresses for network interface lo
2026-09-04T13:51:48.800+0300 [DEBUG] [org.gradle.internal.remote.internal.inet.InetAddresses] Is this a loopback interface? true
2026-09-04T13:51:48.800+0300 [DEBUG] [org.gradle.internal.remote.internal.inet.InetAddresses] Adding loopback address /0:0:0:0:0:0:0:1%lo
2026-09-04T13:51:48.800+0300 [DEBUG] [org.gradle.internal.remote.internal.inet.InetAddresses] Adding loopback address /127.0.0.1
2026-09-04T13:51:48.818+0300 [INFO] [org.gradle.launcher.daemon.server.Daemon] start() called on daemon - DefaultDaemonContext[uid=7ea14714-bb93-479c-a16f-86f764519950,javaHome=/usr/lib/jvm/java-17-openjdk,javaVersion=17,javaVendor=Arch Linux,daemonRegistryDir=/home/lola/AndroidStudioProjects/Waypoint/.gradle-user-home/daemon,pid=4322,idleTimeout=120000,priority=NORMAL,applyInstrumentationAgent=true,nativeServicesMode=ENABLED,daemonOpts=-Xmx4096m,-Dfile.encoding=UTF-8,-Duser.country=US,-Duser.language=en,-Duser.variant]
2026-09-04T13:51:48.820+0300 [DEBUG] [org.gradle.internal.remote.internal.inet.TcpIncomingConnector] Listening on [413d5d19-f739-4038-9c32-ea70a1323c56 port:36767, addresses:[localhost/127.0.0.1]].
2026-09-04T13:51:48.825+0300 [DEBUG] [org.gradle.launcher.daemon.server.Daemon] Daemon starting at: Fri Sep 04 13:51:48 EEST 2026, with address: [413d5d19-f739-4038-9c32-ea70a1323c56 port:36767, addresses:[localhost/127.0.0.1]]
2026-09-04T13:51:48.825+0300 [INFO] [org.gradle.launcher.daemon.server.DaemonRegistryUpdater] Advertising the daemon address to the clients: [413d5d19-f739-4038-9c32-ea70a1323c56 port:36767, addresses:[localhost/127.0.0.1]]
2026-09-04T13:51:48.826+0300 [DEBUG] [org.gradle.launcher.daemon.server.DaemonRegistryUpdater] Advertised daemon context: DefaultDaemonContext[uid=7ea14714-bb93-479c-a16f-86f764519950,javaHome=/usr/lib/jvm/java-17-openjdk,javaVersion=17,javaVendor=Arch Linux,daemonRegistryDir=/home/lola/AndroidStudioProjects/Waypoint/.gradle-user-home/daemon,pid=4322,idleTimeout=120000,priority=NORMAL,applyInstrumentationAgent=true,nativeServicesMode=ENABLED,daemonOpts=-Xmx4096m,-Dfile.encoding=UTF-8,-Duser.country=US,-Duser.language=en,-Duser.variant]
2026-09-04T13:51:48.826+0300 [DEBUG] [org.gradle.launcher.daemon.registry.PersistentDaemonRegistry] Storing daemon address: [413d5d19-f739-4038-9c32-ea70a1323c56 port:36767, addresses:[localhost/127.0.0.1]], context: DefaultDaemonContext[uid=7ea14714-bb93-479c-a16f-86f764519950,javaHome=/usr/lib/jvm/java-17-openjdk,javaVersion=17,javaVendor=Arch Linux,daemonRegistryDir=/home/lola/AndroidStudioProjects/Waypoint/.gradle-user-home/daemon,pid=4322,idleTimeout=120000,priority=NORMAL,applyInstrumentationAgent=true,nativeServicesMode=ENABLED,daemonOpts=-Xmx4096m,-Dfile.encoding=UTF-8,-Duser.country=US,-Duser.language=en,-Duser.variant]
2026-09-04T13:51:48.829+0300 [DEBUG] [org.gradle.cache.internal.DefaultFileLockManager] Waiting to acquire exclusive lock on daemon addresses registry.
2026-09-04T13:51:48.830+0300 [DEBUG] [org.gradle.cache.internal.DefaultFileLockManager] Lock acquired on daemon addresses registry.
2026-09-04T13:51:48.832+0300 [DEBUG] [org.gradle.cache.internal.DefaultFileLockManager] Releasing lock on daemon addresses registry.
2026-09-04T13:51:48.833+0300 [LIFECYCLE] [org.gradle.launcher.daemon.server.Daemon] Daemon server started.
2026-09-04T13:51:48.833+0300 [DEBUG] [org.gradle.launcher.daemon.bootstrap.DaemonStartupCommunication] Completed writing the daemon greeting. Closing streams...
2026-09-04T13:51:48.836+0300 [DEBUG] [org.gradle.launcher.daemon.server.Daemon] stopOnExpiration() called on daemon
2026-09-04T13:51:48.837+0300 [DEBUG] [org.gradle.launcher.daemon.server.Daemon] awaitExpiration() called on daemon
2026-09-04T13:51:48.837+0300 [DEBUG] [org.gradle.launcher.daemon.server.DaemonStateCoordinator] daemon is running. Sleeping until state changes.
2026-09-04T13:51:48.842+0300 [DEBUG] [org.gradle.internal.remote.internal.inet.TcpIncomingConnector] Accepted connection from /127.0.0.1:45126 to /127.0.0.1:36767.
2026-09-04T13:51:48.855+0300 [DEBUG] [org.gradle.launcher.daemon.server.SynchronizedDispatchConnection] thread 29: received class org.gradle.launcher.daemon.protocol.Build
2026-09-04T13:51:48.855+0300 [DEBUG] [org.gradle.launcher.daemon.server.DefaultDaemonConnection] thread 29: Received non-IO message from client: Build{id=3190f511-6dfc-4291-8105-e55079090437, currentDir=/home/lola/AndroidStudioProjects/Waypoint}
2026-09-04T13:51:48.856+0300 [INFO] [org.gradle.launcher.daemon.server.DefaultIncomingConnectionHandler] Received command: Build{id=3190f511-6dfc-4291-8105-e55079090437, currentDir=/home/lola/AndroidStudioProjects/Waypoint}.
2026-09-04T13:51:48.856+0300 [DEBUG] [org.gradle.launcher.daemon.server.DefaultIncomingConnectionHandler] Starting executing command: Build{id=3190f511-6dfc-4291-8105-e55079090437, currentDir=/home/lola/AndroidStudioProjects/Waypoint} with connection: socket connection from /127.0.0.1:36767 to /127.0.0.1:45126.
2026-09-04T13:51:48.858+0300 [DEBUG] [org.gradle.launcher.daemon.server.DaemonStateCoordinator] Command execution: started DaemonCommandExecution[command = Build{id=3190f511-6dfc-4291-8105-e55079090437, currentDir=/home/lola/AndroidStudioProjects/Waypoint}, connection = DefaultDaemonConnection: socket connection from /127.0.0.1:36767 to /127.0.0.1:45126] after 6.333333333333333E-4 minutes of idle
2026-09-04T13:51:48.859+0300 [INFO] [org.gradle.launcher.daemon.server.DaemonRegistryUpdater] Marking the daemon as busy, address: [413d5d19-f739-4038-9c32-ea70a1323c56 port:36767, addresses:[localhost/127.0.0.1]]
2026-09-04T13:51:48.859+0300 [DEBUG] [org.gradle.launcher.daemon.registry.PersistentDaemonRegistry] Marking busy by address: [413d5d19-f739-4038-9c32-ea70a1323c56 port:36767, addresses:[localhost/127.0.0.1]]
2026-09-04T13:51:48.859+0300 [DEBUG] [org.gradle.cache.internal.DefaultFileLockManager] Waiting to acquire exclusive lock on daemon addresses registry.
2026-09-04T13:51:48.859+0300 [DEBUG] [org.gradle.cache.internal.DefaultFileLockManager] Lock acquired on daemon addresses registry.
2026-09-04T13:51:48.860+0300 [DEBUG] [org.gradle.cache.internal.DefaultFileLockManager] Releasing lock on daemon addresses registry.
2026-09-04T13:51:48.860+0300 [DEBUG] [org.gradle.launcher.daemon.server.DaemonStateCoordinator] resetting idle timer
2026-09-04T13:51:48.860+0300 [DEBUG] [org.gradle.launcher.daemon.server.DaemonStateCoordinator] daemon is running. Sleeping until state changes.
2026-09-04T13:51:48.860+0300 [INFO] [org.gradle.launcher.daemon.server.exec.StartBuildOrRespondWithBusy] Daemon is about to start building Build{id=3190f511-6dfc-4291-8105-e55079090437, currentDir=/home/lola/AndroidStudioProjects/Waypoint}. Dispatching build started information...
2026-09-04T13:51:48.861+0300 [DEBUG] [org.gradle.launcher.daemon.server.SynchronizedDispatchConnection] thread 31: dispatching org.gradle.launcher.daemon.protocol.BuildStarted@6c94dc9e
2026-09-04T13:51:48.861+0300 [DEBUG] [org.gradle.launcher.daemon.server.exec.EstablishBuildEnvironment] Configuring env variables: [PATH, LC_MEASUREMENT, INVOCATION_ID, XAUTHORITY, LC_TELEPHONE, LC_TIME, GIT_PAGER, MOTD_SHOWN, DBUS_SESSION_BUS_ADDRESS, XDG_CURRENT_DESKTOP, JOURNAL_STREAM, MAIL, LD_LIBRARY_PATH, COLORTERM, MANAGERPIDFDID, LC_PAPER, SESSION_MANAGER, LOGNAME, PAM_KWALLET5_LOGIN, MANAGERPID, PWD, TERM_PROGRAM_VERSION, _JAVA_AWT_WM_NONREPARENTING, MANROFFOPT, WINDOWID, KDE_SESSION_VERSION, XKB_DEFAULT_MODEL, SHELL, LC_ADDRESS, PAGER, KDE_FULL_SESSION, XDG_SESSION_PATH, DEBUGINFOD_URLS, SYSTEMD_EXEC_PID, XDG_SESSION_DESKTOP, SHLVL, LC_IDENTIFICATION, KDE_APPLICATIONS_AS_SCOPE, MEMORY_PRESSURE_WRITE, LC_MONETARY, ICEAUTHORITY, MEMORY_PRESSURE_WATCH, NVCC_CCBIN, TERM, KDE_SESSION_UID, XDG_CONFIG_DIRS, XDG_SEAT_PATH, LANG, XDG_SESSION_ID, VIRTUAL_ENV_DISABLE_PROMPT, XDG_SESSION_TYPE, ZED_TERM, DISPLAY, GRADLE_USER_HOME, WAYLAND_DISPLAY, GTK_RC_FILES, XKB_DEFAULT_LAYOUT, LC_NAME, XDG_SESSION_CLASS, CUDA_DISABLE_PERF_BOOST, TERM_PROGRAM, MANPAGER, CUDA_PATH, DESKTOP_SESSION, ANDROID_USER_HOME, USER, GTK2_RC_FILES, XDG_MENU_PREFIX, LC_NUMERIC, XDG_SEAT, QT_WAYLAND_RECONNECT, ZED_ENVIRONMENT, VSSCRIPT_PATH, ALACRITTY_WINDOW_ID, XDG_RUNTIME_DIR, XDG_VTNR, HOME]
2026-09-04T13:51:48.863+0300 [DEBUG] [org.gradle.launcher.daemon.server.exec.LogToClient] About to start relaying all logs to the client via the connection.
2026-09-04T13:51:48.864+0300 [INFO] [org.gradle.launcher.daemon.server.exec.LogToClient] The client will now receive all logging from the daemon (pid: 4322). The daemon log file: /home/lola/AndroidStudioProjects/Waypoint/.gradle-user-home/daemon/9.3.1/daemon-4322.out.log
2026-09-04T13:51:48.864+0300 [DEBUG] [org.gradle.launcher.daemon.server.exec.RequestStopIfSingleUsedDaemon] Requesting daemon stop after processing Build{id=3190f511-6dfc-4291-8105-e55079090437, currentDir=/home/lola/AndroidStudioProjects/Waypoint}
2026-09-04T13:51:48.864+0300 [LIFECYCLE] [org.gradle.launcher.daemon.server.DaemonStateCoordinator] Daemon will be stopped at the end of the build 
2026-09-04T13:51:48.864+0300 [DEBUG] [org.gradle.launcher.daemon.server.DaemonStateCoordinator] Stop as soon as idle requested. The daemon is busy
2026-09-04T13:51:48.865+0300 [DEBUG] [org.gradle.launcher.daemon.server.DaemonStateCoordinator] daemon stop has been requested. Sleeping until state changes.
2026-09-04T13:51:48.866+0300 [DEBUG] [org.gradle.launcher.daemon.server.exec.ExecuteBuild] The daemon has started executing the build.
2026-09-04T13:51:48.866+0300 [DEBUG] [org.gradle.launcher.daemon.server.exec.ExecuteBuild] Executing build with daemon context: DefaultDaemonContext[uid=7ea14714-bb93-479c-a16f-86f764519950,javaHome=/usr/lib/jvm/java-17-openjdk,javaVersion=17,javaVendor=Arch Linux,daemonRegistryDir=/home/lola/AndroidStudioProjects/Waypoint/.gradle-user-home/daemon,pid=4322,idleTimeout=120000,priority=NORMAL,applyInstrumentationAgent=true,nativeServicesMode=ENABLED,daemonOpts=-Xmx4096m,-Dfile.encoding=UTF-8,-Duser.country=US,-Duser.language=en,-Duser.variant]
Warning: SDK processing. This version only understands SDK XML versions up to 3 but an SDK XML file of version 4 was encountered. This can happen if you use versions of Android Studio and the command-line tools that were released at different times.

BUILD SUCCESSFUL in 8s
36 actionable tasks: 5 executed, 31 up-to-date
Consider enabling configuration cache to speed up this build: https://docs.gradle.org/9.3.1/userguide/configuration_cache_enabling.html
2026-09-04T13:51:56.851+0300 [DEBUG] [org.gradle.launcher.daemon.server.exec.ExecuteBuild] The daemon has finished executing the build.
2026-09-04T13:51:56.852+0300 [DEBUG] [org.gradle.launcher.daemon.server.DaemonStateCoordinator] daemon stop has been requested. Sleeping until state changes.
2026-09-04T13:51:56.852+0300 [DEBUG] [org.gradle.launcher.daemon.server.DaemonStateCoordinator] Command execution: finished waiting for DaemonCommandExecution[command = Build{id=3190f511-6dfc-4291-8105-e55079090437, currentDir=/home/lola/AndroidStudioProjects/Waypoint}, connection = DefaultDaemonConnection: socket connection from /127.0.0.1:36767 to /127.0.0.1:45126]. Result org.gradle.launcher.daemon.server.DaemonStateCoordinator@3f26fdd5 with state StopRequested
2026-09-04T13:51:56.852+0300 [DEBUG] [org.gradle.launcher.daemon.server.DaemonStateCoordinator] Command execution: completed DaemonCommandExecution[command = Build{id=3190f511-6dfc-4291-8105-e55079090437, currentDir=/home/lola/AndroidStudioProjects/Waypoint}, connection = DefaultDaemonConnection: socket connection from /127.0.0.1:36767 to /127.0.0.1:45126]
2026-09-04T13:51:56.852+0300 [DEBUG] [org.gradle.launcher.daemon.server.DaemonStateCoordinator] resetting idle timer
2026-09-04T13:51:56.852+0300 [DEBUG] [org.gradle.launcher.daemon.server.DaemonStateCoordinator] Marking daemon stopped due to command completed and stop requested. The daemon is not running a build
2026-09-04T13:51:56.852+0300 [DEBUG] [org.gradle.launcher.daemon.server.DaemonStateCoordinator] daemon has stopped.
2026-09-04T13:51:56.852+0300 [DEBUG] [org.gradle.launcher.daemon.server.exec.ReturnResult] Daemon is dispatching the build result: Success[value=org.gradle.launcher.exec.BuildActionResult@4df2ab4a]
2026-09-04T13:51:56.853+0300 [DEBUG] [org.gradle.launcher.daemon.server.SynchronizedDispatchConnection] thread 28: dispatching Success[value=org.gradle.launcher.exec.BuildActionResult@4df2ab4a]
2026-09-04T13:51:56.853+0300 [DEBUG] [org.gradle.launcher.daemon.server.Daemon] stop() called on daemon
2026-09-04T13:51:56.853+0300 [INFO] [org.gradle.launcher.daemon.server.Daemon] Stop requested. Daemon is removing its presence from the registry...
2026-09-04T13:51:56.853+0300 [DEBUG] [org.gradle.launcher.daemon.server.DaemonRegistryUpdater] Removing our presence to clients, eg. removing this address from the registry: [413d5d19-f739-4038-9c32-ea70a1323c56 port:36767, addresses:[localhost/127.0.0.1]]
2026-09-04T13:51:56.853+0300 [DEBUG] [org.gradle.launcher.daemon.registry.PersistentDaemonRegistry] Removing daemon address: [413d5d19-f739-4038-9c32-ea70a1323c56 port:36767, addresses:[localhost/127.0.0.1]]
2026-09-04T13:51:56.853+0300 [DEBUG] [org.gradle.cache.internal.DefaultFileLockManager] Waiting to acquire exclusive lock on daemon addresses registry.
2026-09-04T13:51:56.853+0300 [DEBUG] [org.gradle.launcher.daemon.server.exec.CleanUpVirtualFileSystemAfterBuild] Cleaning virtual file system after build finished
2026-09-04T13:51:56.853+0300 [DEBUG] [org.gradle.cache.internal.DefaultFileLockManager] Lock acquired on daemon addresses registry.
2026-09-04T13:51:56.853+0300 [DEBUG] [org.gradle.launcher.daemon.server.SynchronizedDispatchConnection] thread 29: received class org.gradle.launcher.daemon.protocol.CloseInput
2026-09-04T13:51:56.853+0300 [DEBUG] [org.gradle.launcher.daemon.server.DefaultIncomingConnectionHandler] Finishing executing command: Build{id=3190f511-6dfc-4291-8105-e55079090437, currentDir=/home/lola/AndroidStudioProjects/Waypoint}
2026-09-04T13:51:56.853+0300 [DEBUG] [org.gradle.launcher.daemon.server.DefaultDaemonConnection] thread 29: Received IO message from client: org.gradle.launcher.daemon.protocol.CloseInput@2208330b
2026-09-04T13:51:56.854+0300 [DEBUG] [org.gradle.cache.internal.DefaultFileLockManager] Releasing lock on daemon addresses registry.
2026-09-04T13:51:56.854+0300 [DEBUG] [org.gradle.launcher.daemon.server.DaemonRegistryUpdater] Address removed from registry.
2026-09-04T13:51:56.894+0300 [DEBUG] [org.gradle.launcher.daemon.server.SynchronizedDispatchConnection] thread 29: received class org.gradle.launcher.daemon.protocol.Finished
2026-09-04T13:51:56.894+0300 [DEBUG] [org.gradle.launcher.daemon.server.DefaultDaemonConnection] thread 29: Received non-IO message from client: org.gradle.launcher.daemon.protocol.Finished@3275f73d
2026-09-04T13:51:56.895+0300 [DEBUG] [org.gradle.launcher.daemon.server.DefaultIncomingConnectionHandler] Received finished message: org.gradle.launcher.daemon.protocol.Finished@3275f73d
2026-09-04T13:51:56.895+0300 [DEBUG] [org.gradle.launcher.daemon.server.SynchronizedDispatchConnection] thread 28: stopping connection
2026-09-04T13:51:56.896+0300 [DEBUG] [org.gradle.internal.remote.internal.inet.SocketConnection] Discarding EOFException: java.io.EOFException
2026-09-04T13:51:56.896+0300 [DEBUG] [org.gradle.launcher.daemon.server.SynchronizedDispatchConnection] thread 29: received null
2026-09-04T13:51:56.896+0300 [DEBUG] [org.gradle.launcher.daemon.server.DefaultDaemonConnection] thread 29: Received end-of-input from client.
2026-09-04T13:51:56.897+0300 [DEBUG] [org.gradle.launcher.daemon.server.SynchronizedDispatchConnection] thread 28: stopping connection
2026-09-04T13:51:56.898+0300 [DEBUG] [org.gradle.cache.internal.DefaultCacheCleanupExecutor] jars (/home/lola/AndroidStudioProjects/Waypoint/.gradle-user-home/caches/jars-9) has last been fully cleaned up 0 hours ago
2026-09-04T13:51:56.899+0300 [DEBUG] [org.gradle.cache.internal.DefaultCacheCleanupExecutor] Skipping cleanup for jars (/home/lola/AndroidStudioProjects/Waypoint/.gradle-user-home/caches/jars-9) as it is not yet due
2026-09-04T13:51:56.899+0300 [DEBUG] [org.gradle.cache.internal.DefaultCacheCoordinator] Cache jars (/home/lola/AndroidStudioProjects/Waypoint/.gradle-user-home/caches/jars-9) was closed 0 times.
2026-09-04T13:51:56.899+0300 [DEBUG] [org.gradle.cache.internal.LockOnDemandCrossProcessCacheAccess] Releasing file lock for file content cache (/home/lola/AndroidStudioProjects/Waypoint/.gradle-user-home/caches/9.3.1/fileContent)
2026-09-04T13:51:56.899+0300 [DEBUG] [org.gradle.cache.internal.DefaultFileLockManager] Releasing lock on file content cache (/home/lola/AndroidStudioProjects/Waypoint/.gradle-user-home/caches/9.3.1/fileContent).
2026-09-04T13:51:56.899+0300 [DEBUG] [org.gradle.internal.watch.vfs.impl.WatchingVirtualFileSystem] Closing VFS, dropping state
2026-09-04T13:51:56.903+0300 [DEBUG] [org.gradle.cache.internal.LockOnDemandCrossProcessCacheAccess] Releasing file lock for Generated Gradle JARs cache (/home/lola/AndroidStudioProjects/Waypoint/.gradle-user-home/caches/9.3.1/generated-gradle-jars)
2026-09-04T13:51:56.903+0300 [DEBUG] [org.gradle.cache.internal.DefaultFileLockManager] Releasing lock on Generated Gradle JARs cache (/home/lola/AndroidStudioProjects/Waypoint/.gradle-user-home/caches/9.3.1/generated-gradle-jars).
2026-09-04T13:51:56.903+0300 [DEBUG] [org.gradle.internal.watch.registry.impl.DefaultFileWatcherRegistry] Finished listening to file system change events
2026-09-04T13:51:56.903+0300 [DEBUG] [org.gradle.cache.internal.LockOnDemandCrossProcessCacheAccess] Releasing file lock for artifact cache (/home/lola/AndroidStudioProjects/Waypoint/.gradle-user-home/caches/modules-2)
2026-09-04T13:51:56.903+0300 [DEBUG] [org.gradle.cache.internal.btree.BTreePersistentIndexedCache] Closing cache module-artifact.bin (/home/lola/AndroidStudioProjects/Waypoint/.gradle-user-home/caches/modules-2/metadata-2.107/module-artifact.bin)
2026-09-04T13:51:56.903+0300 [DEBUG] [org.gradle.cache.internal.btree.BTreePersistentIndexedCache] Closing cache module-metadata.bin (/home/lola/AndroidStudioProjects/Waypoint/.gradle-user-home/caches/modules-2/metadata-2.107/module-metadata.bin)
2026-09-04T13:51:56.903+0300 [DEBUG] [org.gradle.cache.internal.DefaultFileLockManager] Releasing lock on artifact cache (/home/lola/AndroidStudioProjects/Waypoint/.gradle-user-home/caches/modules-2).
2026-09-04T13:51:56.904+0300 [DEBUG] [org.gradle.cache.internal.DefaultCacheCleanupExecutor] artifact cache (/home/lola/AndroidStudioProjects/Waypoint/.gradle-user-home/caches/modules-2) has last been fully cleaned up 0 hours ago
2026-09-04T13:51:56.904+0300 [DEBUG] [org.gradle.cache.internal.DefaultCacheCleanupExecutor] Skipping cleanup for artifact cache (/home/lola/AndroidStudioProjects/Waypoint/.gradle-user-home/caches/modules-2) as it is not yet due
2026-09-04T13:51:56.904+0300 [DEBUG] [org.gradle.cache.internal.DefaultCacheCleanupExecutor] groovy-dsl (/home/lola/AndroidStudioProjects/Waypoint/.gradle-user-home/caches/9.3.1/groovy-dsl) has last been fully cleaned up 0 hours ago
2026-09-04T13:51:56.904+0300 [DEBUG] [org.gradle.cache.internal.DefaultCacheCleanupExecutor] Skipping cleanup for groovy-dsl (/home/lola/AndroidStudioProjects/Waypoint/.gradle-user-home/caches/9.3.1/groovy-dsl) as it is not yet due
2026-09-04T13:51:56.904+0300 [DEBUG] [org.gradle.cache.internal.DefaultCacheCoordinator] Cache groovy-dsl (/home/lola/AndroidStudioProjects/Waypoint/.gradle-user-home/caches/9.3.1/groovy-dsl) was closed 0 times.
2026-09-04T13:51:56.904+0300 [DEBUG] [org.gradle.cache.internal.DefaultCacheCleanupExecutor] Artifact transforms cache (/home/lola/AndroidStudioProjects/Waypoint/.gradle-user-home/caches/9.3.1/transforms) has last been fully cleaned up 0 hours ago
2026-09-04T13:51:56.904+0300 [DEBUG] [org.gradle.cache.internal.DefaultCacheCleanupExecutor] Skipping cleanup for Artifact transforms cache (/home/lola/AndroidStudioProjects/Waypoint/.gradle-user-home/caches/9.3.1/transforms) as it is not yet due
2026-09-04T13:51:56.904+0300 [DEBUG] [org.gradle.cache.internal.DefaultCacheCoordinator] Cache Artifact transforms cache (/home/lola/AndroidStudioProjects/Waypoint/.gradle-user-home/caches/9.3.1/transforms) was closed 0 times.
2026-09-04T13:51:56.904+0300 [DEBUG] [org.gradle.cache.internal.DefaultCacheCleanupExecutor] kotlin-dsl (/home/lola/AndroidStudioProjects/Waypoint/.gradle-user-home/caches/9.3.1/kotlin-dsl) has last been fully cleaned up 0 hours ago
2026-09-04T13:51:56.904+0300 [DEBUG] [org.gradle.cache.internal.DefaultCacheCleanupExecutor] Skipping cleanup for kotlin-dsl (/home/lola/AndroidStudioProjects/Waypoint/.gradle-user-home/caches/9.3.1/kotlin-dsl) as it is not yet due
2026-09-04T13:51:56.904+0300 [DEBUG] [org.gradle.cache.internal.DefaultCacheCoordinator] Cache kotlin-dsl (/home/lola/AndroidStudioProjects/Waypoint/.gradle-user-home/caches/9.3.1/kotlin-dsl) was closed 0 times.
2026-09-04T13:51:56.904+0300 [DEBUG] [org.gradle.cache.internal.LockOnDemandCrossProcessCacheAccess] Releasing file lock for journal cache (/home/lola/AndroidStudioProjects/Waypoint/.gradle-user-home/caches/journal-1)
2026-09-04T13:51:56.904+0300 [DEBUG] [org.gradle.cache.internal.btree.BTreePersistentIndexedCache] Closing cache file-access.bin (/home/lola/AndroidStudioProjects/Waypoint/.gradle-user-home/caches/journal-1/file-access.bin)
2026-09-04T13:51:56.904+0300 [DEBUG] [org.gradle.cache.internal.DefaultFileLockManager] Releasing lock on journal cache (/home/lola/AndroidStudioProjects/Waypoint/.gradle-user-home/caches/journal-1).
2026-09-04T13:51:56.905+0300 [DEBUG] [org.gradle.cache.internal.LockOnDemandCrossProcessCacheAccess] Releasing file lock for file hash cache (/home/lola/AndroidStudioProjects/Waypoint/.gradle-user-home/caches/9.3.1/fileHashes)
2026-09-04T13:51:56.905+0300 [DEBUG] [org.gradle.cache.internal.btree.BTreePersistentIndexedCache] Closing cache kotlinDslCompileAvoidanceClasspathHashCache.bin (/home/lola/AndroidStudioProjects/Waypoint/.gradle-user-home/caches/9.3.1/fileHashes/kotlinDslCompileAvoidanceClasspathHashCache.bin)
2026-09-04T13:51:56.905+0300 [DEBUG] [org.gradle.cache.internal.btree.BTreePersistentIndexedCache] Closing cache fileHashes.bin (/home/lola/AndroidStudioProjects/Waypoint/.gradle-user-home/caches/9.3.1/fileHashes/fileHashes.bin)
2026-09-04T13:51:56.905+0300 [DEBUG] [org.gradle.cache.internal.btree.BTreePersistentIndexedCache] Closing cache resourceHashesCache.bin (/home/lola/AndroidStudioProjects/Waypoint/.gradle-user-home/caches/9.3.1/fileHashes/resourceHashesCache.bin)
2026-09-04T13:51:56.905+0300 [DEBUG] [org.gradle.cache.internal.DefaultFileLockManager] Releasing lock on file hash cache (/home/lola/AndroidStudioProjects/Waypoint/.gradle-user-home/caches/9.3.1/fileHashes).
2026-09-04T13:51:56.905+0300 [DEBUG] [org.gradle.internal.operations.DefaultBuildOperationRunner] Build operation 'Deleting unused version-specific caches in /home/lola/AndroidStudioProjects/Waypoint/.gradle-user-home/caches' started
2026-09-04T13:51:56.905+0300 [DEBUG] [org.gradle.internal.operations.DefaultBuildOperationRunner] Completing Build operation 'Deleting unused version-specific caches in /home/lola/AndroidStudioProjects/Waypoint/.gradle-user-home/caches'
2026-09-04T13:51:56.906+0300 [DEBUG] [org.gradle.internal.operations.DefaultBuildOperationRunner] Build operation 'Deleting unused version-specific caches in /home/lola/AndroidStudioProjects/Waypoint/.gradle-user-home/caches' completed
2026-09-04T13:51:56.906+0300 [DEBUG] [org.gradle.launcher.daemon.server.Daemon] stop() called on daemon
2026-09-04T13:51:56.906+0300 [INFO] [org.gradle.launcher.daemon.server.Daemon] Stop requested. Daemon is removing its presence from the registry...
2026-09-04T13:51:56.906+0300 [DEBUG] [org.gradle.launcher.daemon.server.DaemonRegistryUpdater] Removing our presence to clients, eg. removing this address from the registry: [413d5d19-f739-4038-9c32-ea70a1323c56 port:36767, addresses:[localhost/127.0.0.1]]
2026-09-04T13:51:56.906+0300 [DEBUG] [org.gradle.launcher.daemon.registry.PersistentDaemonRegistry] Removing daemon address: [413d5d19-f739-4038-9c32-ea70a1323c56 port:36767, addresses:[localhost/127.0.0.1]]
2026-09-04T13:51:56.906+0300 [DEBUG] [org.gradle.cache.internal.DefaultFileLockManager] Waiting to acquire exclusive lock on daemon addresses registry.
2026-09-04T13:51:56.906+0300 [DEBUG] [org.gradle.cache.internal.DefaultFileLockManager] Lock acquired on daemon addresses registry.
2026-09-04T13:51:56.906+0300 [DEBUG] [org.gradle.cache.internal.DefaultFileLockManager] Releasing lock on daemon addresses registry.
2026-09-04T13:51:56.906+0300 [DEBUG] [org.gradle.launcher.daemon.server.DaemonRegistryUpdater] Address removed from registry.
2026-09-04T13:51:56.907+0300 [DEBUG] [org.gradle.cache.internal.locklistener.DefaultFileLockContentionHandler] File lock listener thread completed.
Daemon vm is shutting down... The daemon has exited normally or was terminated in response to a user interrupt.
2026-09-04T13:51:56.908+0300 [DEBUG] [org.gradle.launcher.daemon.registry.PersistentDaemonRegistry] Removing daemon address: [413d5d19-f739-4038-9c32-ea70a1323c56 port:36767, addresses:[localhost/127.0.0.1]]
2026-09-04T13:51:56.908+0300 [DEBUG] [org.gradle.launcher.daemon.server.Daemon] VM shutdown hook was unable to remove the daemon address from the registry. It will be cleaned up later.
java.lang.IllegalStateException: Cannot start managing file contention because this handler has been closed.
	at org.gradle.cache.internal.locklistener.DefaultFileLockContentionHandler.assertNotStopped(DefaultFileLockContentionHandler.java:267)
	at org.gradle.cache.internal.locklistener.DefaultFileLockContentionHandler.reservePort(DefaultFileLockContentionHandler.java:312)
	at org.gradle.cache.internal.DefaultFileLockManager.lock(DefaultFileLockManager.java:124)
	at org.gradle.cache.internal.DefaultFileLockManager.lock(DefaultFileLockManager.java:106)
	at org.gradle.cache.internal.DefaultFileLockManager.lock(DefaultFileLockManager.java:101)
	at org.gradle.cache.internal.OnDemandFileAccess.updateFile(OnDemandFileAccess.java:51)
	at org.gradle.cache.internal.FileBackedObjectHolder.update(FileBackedObjectHolder.java:77)
	at org.gradle.cache.internal.FileIntegrityViolationSuppressingObjectHolderDecorator.lambda$update$0(FileIntegrityViolationSuppressingObjectHolderDecorator.java:48)
	at org.gradle.cache.internal.FileIntegrityViolationSuppressingObjectHolderDecorator.doUpdate(FileIntegrityViolationSuppressingObjectHolderDecorator.java:58)
	at org.gradle.cache.internal.FileIntegrityViolationSuppressingObjectHolderDecorator.update(FileIntegrityViolationSuppressingObjectHolderDecorator.java:48)
	at org.gradle.launcher.daemon.registry.PersistentDaemonRegistry.remove(PersistentDaemonRegistry.java:133)
	at org.gradle.launcher.daemon.server.Daemon$1.run(Daemon.java:133)
	at java.base/java.lang.Thread.run(Thread.java:840)
