2026-09-04T13:13:31.818+0300 [DEBUG] [org.gradle.launcher.daemon.bootstrap.DaemonMain] Assuming the daemon was started with following jvm opts: [-Xmx4096m, -Dfile.encoding=UTF-8, -Duser.country=US, -Duser.language=en, -Duser.variant]
2026-09-04T13:13:31.856+0300 [DEBUG] [org.gradle.internal.remote.internal.inet.InetAddresses] Adding IP addresses for network interface tailscale0
2026-09-04T13:13:31.856+0300 [DEBUG] [org.gradle.internal.remote.internal.inet.InetAddresses] Is this a loopback interface? false
2026-09-04T13:13:31.856+0300 [DEBUG] [org.gradle.internal.remote.internal.inet.InetAddresses] Adding remote address /fd7a:115c:a1e0:0:0:0:ba34:f466%tailscale0
2026-09-04T13:13:31.856+0300 [DEBUG] [org.gradle.internal.remote.internal.inet.InetAddresses] Adding remote address /fe80:0:0:0:b3bb:77ee:ea51:c38%tailscale0
2026-09-04T13:13:31.856+0300 [DEBUG] [org.gradle.internal.remote.internal.inet.InetAddresses] Adding remote address /100.83.244.101
2026-09-04T13:13:31.856+0300 [DEBUG] [org.gradle.internal.remote.internal.inet.InetAddresses] Adding IP addresses for network interface enp4s0
2026-09-04T13:13:31.857+0300 [DEBUG] [org.gradle.internal.remote.internal.inet.InetAddresses] Is this a loopback interface? false
2026-09-04T13:13:31.857+0300 [DEBUG] [org.gradle.internal.remote.internal.inet.InetAddresses] Adding remote address /fe80:0:0:0:df03:21ce:dccd:4f9d%enp4s0
2026-09-04T13:13:31.857+0300 [DEBUG] [org.gradle.internal.remote.internal.inet.InetAddresses] Adding remote address /192.168.1.95
2026-09-04T13:13:31.857+0300 [DEBUG] [org.gradle.internal.remote.internal.inet.InetAddresses] Adding IP addresses for network interface lo
2026-09-04T13:13:31.857+0300 [DEBUG] [org.gradle.internal.remote.internal.inet.InetAddresses] Is this a loopback interface? true
2026-09-04T13:13:31.857+0300 [DEBUG] [org.gradle.internal.remote.internal.inet.InetAddresses] Adding loopback address /0:0:0:0:0:0:0:1%lo
2026-09-04T13:13:31.857+0300 [DEBUG] [org.gradle.internal.remote.internal.inet.InetAddresses] Adding loopback address /127.0.0.1
2026-09-04T13:13:31.876+0300 [INFO] [org.gradle.launcher.daemon.server.Daemon] start() called on daemon - DefaultDaemonContext[uid=0cba294d-cfd3-4f6e-ac14-25f5587b186c,javaHome=/usr/lib/jvm/java-17-openjdk,javaVersion=17,javaVendor=Arch Linux,daemonRegistryDir=/home/lola/AndroidStudioProjects/Waypoint/.gradle-user-home/daemon,pid=45,idleTimeout=120000,priority=NORMAL,applyInstrumentationAgent=true,nativeServicesMode=ENABLED,daemonOpts=-Xmx4096m,-Dfile.encoding=UTF-8,-Duser.country=US,-Duser.language=en,-Duser.variant]
2026-09-04T13:13:31.879+0300 [DEBUG] [org.gradle.internal.remote.internal.inet.TcpIncomingConnector] Listening on [a085536a-ff75-4e0b-80a3-92003397dce1 port:42853, addresses:[localhost/127.0.0.1]].
2026-09-04T13:13:31.884+0300 [DEBUG] [org.gradle.launcher.daemon.server.Daemon] Daemon starting at: Fri Sep 04 13:13:31 EEST 2026, with address: [a085536a-ff75-4e0b-80a3-92003397dce1 port:42853, addresses:[localhost/127.0.0.1]]
2026-09-04T13:13:31.884+0300 [INFO] [org.gradle.launcher.daemon.server.DaemonRegistryUpdater] Advertising the daemon address to the clients: [a085536a-ff75-4e0b-80a3-92003397dce1 port:42853, addresses:[localhost/127.0.0.1]]
2026-09-04T13:13:31.884+0300 [DEBUG] [org.gradle.launcher.daemon.server.DaemonRegistryUpdater] Advertised daemon context: DefaultDaemonContext[uid=0cba294d-cfd3-4f6e-ac14-25f5587b186c,javaHome=/usr/lib/jvm/java-17-openjdk,javaVersion=17,javaVendor=Arch Linux,daemonRegistryDir=/home/lola/AndroidStudioProjects/Waypoint/.gradle-user-home/daemon,pid=45,idleTimeout=120000,priority=NORMAL,applyInstrumentationAgent=true,nativeServicesMode=ENABLED,daemonOpts=-Xmx4096m,-Dfile.encoding=UTF-8,-Duser.country=US,-Duser.language=en,-Duser.variant]
2026-09-04T13:13:31.885+0300 [DEBUG] [org.gradle.launcher.daemon.registry.PersistentDaemonRegistry] Storing daemon address: [a085536a-ff75-4e0b-80a3-92003397dce1 port:42853, addresses:[localhost/127.0.0.1]], context: DefaultDaemonContext[uid=0cba294d-cfd3-4f6e-ac14-25f5587b186c,javaHome=/usr/lib/jvm/java-17-openjdk,javaVersion=17,javaVendor=Arch Linux,daemonRegistryDir=/home/lola/AndroidStudioProjects/Waypoint/.gradle-user-home/daemon,pid=45,idleTimeout=120000,priority=NORMAL,applyInstrumentationAgent=true,nativeServicesMode=ENABLED,daemonOpts=-Xmx4096m,-Dfile.encoding=UTF-8,-Duser.country=US,-Duser.language=en,-Duser.variant]
2026-09-04T13:13:31.888+0300 [DEBUG] [org.gradle.cache.internal.DefaultFileLockManager] Waiting to acquire exclusive lock on daemon addresses registry.
2026-09-04T13:13:31.889+0300 [DEBUG] [org.gradle.cache.internal.DefaultFileLockManager] Lock acquired on daemon addresses registry.
2026-09-04T13:13:31.891+0300 [DEBUG] [org.gradle.cache.internal.DefaultFileLockManager] Releasing lock on daemon addresses registry.
2026-09-04T13:13:31.892+0300 [LIFECYCLE] [org.gradle.launcher.daemon.server.Daemon] Daemon server started.
2026-09-04T13:13:31.892+0300 [DEBUG] [org.gradle.launcher.daemon.bootstrap.DaemonStartupCommunication] Completed writing the daemon greeting. Closing streams...
2026-09-04T13:13:31.895+0300 [DEBUG] [org.gradle.launcher.daemon.server.Daemon] stopOnExpiration() called on daemon
2026-09-04T13:13:31.896+0300 [DEBUG] [org.gradle.launcher.daemon.server.Daemon] awaitExpiration() called on daemon
2026-09-04T13:13:31.896+0300 [DEBUG] [org.gradle.launcher.daemon.server.DaemonStateCoordinator] daemon is running. Sleeping until state changes.
2026-09-04T13:13:31.903+0300 [DEBUG] [org.gradle.internal.remote.internal.inet.TcpIncomingConnector] Accepted connection from /127.0.0.1:48000 to /127.0.0.1:42853.
2026-09-04T13:13:31.914+0300 [DEBUG] [org.gradle.launcher.daemon.server.SynchronizedDispatchConnection] thread 29: received class org.gradle.launcher.daemon.protocol.Build
2026-09-04T13:13:31.915+0300 [DEBUG] [org.gradle.launcher.daemon.server.DefaultDaemonConnection] thread 29: Received non-IO message from client: Build{id=f77568a3-5c66-40af-9095-cd0e8b14c82a, currentDir=/home/lola/AndroidStudioProjects/Waypoint}
2026-09-04T13:13:31.915+0300 [INFO] [org.gradle.launcher.daemon.server.DefaultIncomingConnectionHandler] Received command: Build{id=f77568a3-5c66-40af-9095-cd0e8b14c82a, currentDir=/home/lola/AndroidStudioProjects/Waypoint}.
2026-09-04T13:13:31.915+0300 [DEBUG] [org.gradle.launcher.daemon.server.DefaultIncomingConnectionHandler] Starting executing command: Build{id=f77568a3-5c66-40af-9095-cd0e8b14c82a, currentDir=/home/lola/AndroidStudioProjects/Waypoint} with connection: socket connection from /127.0.0.1:42853 to /127.0.0.1:48000.
2026-09-04T13:13:31.917+0300 [DEBUG] [org.gradle.launcher.daemon.server.DaemonStateCoordinator] Command execution: started DaemonCommandExecution[command = Build{id=f77568a3-5c66-40af-9095-cd0e8b14c82a, currentDir=/home/lola/AndroidStudioProjects/Waypoint}, connection = DefaultDaemonConnection: socket connection from /127.0.0.1:42853 to /127.0.0.1:48000] after 6.5E-4 minutes of idle
2026-09-04T13:13:31.917+0300 [INFO] [org.gradle.launcher.daemon.server.DaemonRegistryUpdater] Marking the daemon as busy, address: [a085536a-ff75-4e0b-80a3-92003397dce1 port:42853, addresses:[localhost/127.0.0.1]]
2026-09-04T13:13:31.917+0300 [DEBUG] [org.gradle.launcher.daemon.registry.PersistentDaemonRegistry] Marking busy by address: [a085536a-ff75-4e0b-80a3-92003397dce1 port:42853, addresses:[localhost/127.0.0.1]]
2026-09-04T13:13:31.917+0300 [DEBUG] [org.gradle.cache.internal.DefaultFileLockManager] Waiting to acquire exclusive lock on daemon addresses registry.
2026-09-04T13:13:31.917+0300 [DEBUG] [org.gradle.cache.internal.DefaultFileLockManager] Lock acquired on daemon addresses registry.
2026-09-04T13:13:31.918+0300 [DEBUG] [org.gradle.cache.internal.DefaultFileLockManager] Releasing lock on daemon addresses registry.
2026-09-04T13:13:31.918+0300 [DEBUG] [org.gradle.launcher.daemon.server.DaemonStateCoordinator] resetting idle timer
2026-09-04T13:13:31.918+0300 [DEBUG] [org.gradle.launcher.daemon.server.DaemonStateCoordinator] daemon is running. Sleeping until state changes.
2026-09-04T13:13:31.918+0300 [INFO] [org.gradle.launcher.daemon.server.exec.StartBuildOrRespondWithBusy] Daemon is about to start building Build{id=f77568a3-5c66-40af-9095-cd0e8b14c82a, currentDir=/home/lola/AndroidStudioProjects/Waypoint}. Dispatching build started information...
2026-09-04T13:13:31.918+0300 [DEBUG] [org.gradle.launcher.daemon.server.SynchronizedDispatchConnection] thread 31: dispatching org.gradle.launcher.daemon.protocol.BuildStarted@5d226c76
2026-09-04T13:13:31.919+0300 [DEBUG] [org.gradle.launcher.daemon.server.exec.EstablishBuildEnvironment] Configuring env variables: [PATH, LC_MEASUREMENT, INVOCATION_ID, XAUTHORITY, LC_TELEPHONE, LC_TIME, GIT_PAGER, KGLOBALACCELD_PLATFORM, MOTD_SHOWN, DBUS_SESSION_BUS_ADDRESS, XDG_CURRENT_DESKTOP, JOURNAL_STREAM, MAIL, LD_LIBRARY_PATH, COLORTERM, MANAGERPIDFDID, LC_PAPER, SESSION_MANAGER, LOGNAME, PAM_KWALLET5_LOGIN, MANAGERPID, PWD, TERM_PROGRAM_VERSION, _JAVA_AWT_WM_NONREPARENTING, MANROFFOPT, WINDOWID, KDE_SESSION_VERSION, XKB_DEFAULT_MODEL, SHELL, LC_ADDRESS, PAGER, KDE_FULL_SESSION, XDG_SESSION_PATH, DEBUGINFOD_URLS, SYSTEMD_EXEC_PID, XDG_SESSION_DESKTOP, SHLVL, LC_IDENTIFICATION, KDE_APPLICATIONS_AS_SCOPE, MEMORY_PRESSURE_WRITE, LC_MONETARY, ICEAUTHORITY, MEMORY_PRESSURE_WATCH, NVCC_CCBIN, TERM, KDE_SESSION_UID, XDG_CONFIG_DIRS, XDG_SEAT_PATH, LANG, XDG_SESSION_ID, VIRTUAL_ENV_DISABLE_PROMPT, XDG_SESSION_TYPE, ZED_TERM, DISPLAY, GRADLE_USER_HOME, WAYLAND_DISPLAY, GTK_RC_FILES, XKB_DEFAULT_LAYOUT, LC_NAME, XDG_SESSION_CLASS, CUDA_DISABLE_PERF_BOOST, TERM_PROGRAM, MANPAGER, CUDA_PATH, DESKTOP_SESSION, ANDROID_USER_HOME, USER, GTK2_RC_FILES, XDG_MENU_PREFIX, LC_NUMERIC, XDG_SEAT, QT_WAYLAND_RECONNECT, ZED_ENVIRONMENT, VSSCRIPT_PATH, ALACRITTY_WINDOW_ID, XDG_RUNTIME_DIR, XDG_VTNR, HOME]
2026-09-04T13:13:31.921+0300 [DEBUG] [org.gradle.launcher.daemon.server.exec.LogToClient] About to start relaying all logs to the client via the connection.
2026-09-04T13:13:31.922+0300 [INFO] [org.gradle.launcher.daemon.server.exec.LogToClient] The client will now receive all logging from the daemon (pid: 45). The daemon log file: /home/lola/AndroidStudioProjects/Waypoint/.gradle-user-home/daemon/9.3.1/daemon-45.out.log
2026-09-04T13:13:31.922+0300 [DEBUG] [org.gradle.launcher.daemon.server.exec.RequestStopIfSingleUsedDaemon] Requesting daemon stop after processing Build{id=f77568a3-5c66-40af-9095-cd0e8b14c82a, currentDir=/home/lola/AndroidStudioProjects/Waypoint}
2026-09-04T13:13:31.922+0300 [LIFECYCLE] [org.gradle.launcher.daemon.server.DaemonStateCoordinator] Daemon will be stopped at the end of the build 
2026-09-04T13:13:31.923+0300 [DEBUG] [org.gradle.launcher.daemon.server.DaemonStateCoordinator] Stop as soon as idle requested. The daemon is busy
2026-09-04T13:13:31.923+0300 [DEBUG] [org.gradle.launcher.daemon.server.DaemonStateCoordinator] daemon stop has been requested. Sleeping until state changes.
2026-09-04T13:13:31.926+0300 [DEBUG] [org.gradle.launcher.daemon.server.exec.ExecuteBuild] The daemon has started executing the build.
2026-09-04T13:13:31.926+0300 [DEBUG] [org.gradle.launcher.daemon.server.exec.ExecuteBuild] Executing build with daemon context: DefaultDaemonContext[uid=0cba294d-cfd3-4f6e-ac14-25f5587b186c,javaHome=/usr/lib/jvm/java-17-openjdk,javaVersion=17,javaVendor=Arch Linux,daemonRegistryDir=/home/lola/AndroidStudioProjects/Waypoint/.gradle-user-home/daemon,pid=45,idleTimeout=120000,priority=NORMAL,applyInstrumentationAgent=true,nativeServicesMode=ENABLED,daemonOpts=-Xmx4096m,-Dfile.encoding=UTF-8,-Duser.country=US,-Duser.language=en,-Duser.variant]
Unable to initialize metrics, ensure /home/lola/.android is writable, details: /home/lola/.android/analytics.settings (Read-only file system)
Warning: SDK processing. This version only understands SDK XML versions up to 3 but an SDK XML file of version 4 was encountered. This can happen if you use versions of Android Studio and the command-line tools that were released at different times.
e: java.nio.file.FileSystemException: /home/lola/.local/share/kotlin/daemon/kotlin-daemon-client-tsmarker16256222620871842561.tmp: Read-only file system
java.lang.RuntimeException: java.nio.file.FileSystemException: /home/lola/.local/share/kotlin/daemon/kotlin-daemon-client-tsmarker16256222620871842561.tmp: Read-only file system
	at org.jetbrains.kotlin.buildtools.internal.KotlinLoggerMessageCollectorAdapter.report(KotlinLoggerMessageCollectorAdapter.kt:33)
	at org.jetbrains.kotlin.cli.common.messages.MessageCollector.report$default(MessageCollector.kt:12)
	at org.jetbrains.kotlin.compilerRunner.KotlinCompilerRunnerUtils.newDaemonConnection(KotlinCompilerRunnerUtils.kt:93)
	at org.jetbrains.kotlin.buildtools.internal.BaseCompilationOperationImpl.compileWithDaemon(BaseCompilationOperationImpl.kt:185)
	at org.jetbrains.kotlin.buildtools.internal.BaseCompilationOperationImpl.executeCancellableImpl(BaseCompilationOperationImpl.kt:91)
	at org.jetbrains.kotlin.buildtools.internal.BaseCompilationOperationImpl.executeCancellableImpl(BaseCompilationOperationImpl.kt:55)
	at org.jetbrains.kotlin.buildtools.internal.CancellableBuildOperationImpl.executeImpl(CancellableBuildOperationImpl.kt:58)
	at org.jetbrains.kotlin.buildtools.internal.BuildOperationImpl.execute(BuildOperationImpl.kt:33)
	at org.jetbrains.kotlin.buildtools.internal.KotlinToolchainsImpl$BuildSessionImpl.executeOperation$lambda$1(KotlinToolchainsImpl.kt:74)
	at org.jetbrains.kotlin.buildtools.internal.KotlinToolchainsImpl$BuildSessionImpl.executeOperation(KotlinToolchainsImpl.kt:78)
	at org.jetbrains.kotlin.compilerRunner.btapi.BuildToolsApiCompilationWork.performCompilation(BuildToolsApiCompilationWork.kt:184)
	at org.jetbrains.kotlin.compilerRunner.btapi.BuildToolsApiCompilationWork.compileInDaemon(BuildToolsApiCompilationWork.kt:261)
	at org.jetbrains.kotlin.compilerRunner.btapi.BuildToolsApiCompilationWork.execute(BuildToolsApiCompilationWork.kt:309)
	at org.gradle.workers.internal.DefaultWorkerServer.execute(DefaultWorkerServer.java:68)
	at org.gradle.workers.internal.NoIsolationWorkerFactory$1$1.create(NoIsolationWorkerFactory.java:64)
	at org.gradle.workers.internal.NoIsolationWorkerFactory$1$1.create(NoIsolationWorkerFactory.java:61)
	at org.gradle.internal.classloader.ClassLoaderUtils.executeInClassloader(ClassLoaderUtils.java:102)
	at org.gradle.workers.internal.NoIsolationWorkerFactory$1.lambda$execute$0(NoIsolationWorkerFactory.java:61)
	at org.gradle.workers.internal.AbstractWorker$1.call(AbstractWorker.java:44)
	at org.gradle.workers.internal.AbstractWorker$1.call(AbstractWorker.java:41)
	at org.gradle.internal.operations.DefaultBuildOperationRunner$CallableBuildOperationWorker.execute(DefaultBuildOperationRunner.java:209)
	at org.gradle.internal.operations.DefaultBuildOperationRunner$CallableBuildOperationWorker.execute(DefaultBuildOperationRunner.java:204)
	at org.gradle.internal.operations.DefaultBuildOperationRunner$2.execute(DefaultBuildOperationRunner.java:66)
	at org.gradle.internal.operations.DefaultBuildOperationRunner$2.execute(DefaultBuildOperationRunner.java:59)
	at org.gradle.internal.operations.DefaultBuildOperationRunner.execute(DefaultBuildOperationRunner.java:166)
	at org.gradle.internal.operations.DefaultBuildOperationRunner.execute(DefaultBuildOperationRunner.java:59)
	at org.gradle.internal.operations.DefaultBuildOperationRunner.call(DefaultBuildOperationRunner.java:53)
	at org.gradle.workers.internal.AbstractWorker.executeWrappedInBuildOperation(AbstractWorker.java:41)
	at org.gradle.workers.internal.NoIsolationWorkerFactory$1.execute(NoIsolationWorkerFactory.java:58)
	at org.gradle.workers.internal.DefaultWorkerExecutor.lambda$submitWork$0(DefaultWorkerExecutor.java:176)
	at java.base/java.util.concurrent.FutureTask.run(FutureTask.java:264)
	at org.gradle.internal.work.DefaultConditionalExecutionQueue$ExecutionRunner.runExecution(DefaultConditionalExecutionQueue.java:194)
	at org.gradle.internal.work.DefaultConditionalExecutionQueue$ExecutionRunner.access$700(DefaultConditionalExecutionQueue.java:127)
	at org.gradle.internal.work.DefaultConditionalExecutionQueue$ExecutionRunner$1.run(DefaultConditionalExecutionQueue.java:169)
	at org.gradle.internal.Factories$1.create(Factories.java:30)
	at org.gradle.internal.work.DefaultWorkerLeaseService.lambda$withLocksAcquired$0(DefaultWorkerLeaseService.java:269)
	at org.gradle.internal.work.ResourceLockStatistics$1.measure(ResourceLockStatistics.java:42)
	at org.gradle.internal.work.DefaultWorkerLeaseService.withLocksAcquired(DefaultWorkerLeaseService.java:267)
	at org.gradle.internal.work.DefaultWorkerLeaseService.withLocks(DefaultWorkerLeaseService.java:259)
	at org.gradle.internal.work.DefaultWorkerLeaseService.runAsWorkerThread(DefaultWorkerLeaseService.java:127)
	at org.gradle.internal.work.DefaultWorkerLeaseService.runAsWorkerThread(DefaultWorkerLeaseService.java:132)
	at org.gradle.internal.work.DefaultConditionalExecutionQueue$ExecutionRunner.runBatch(DefaultConditionalExecutionQueue.java:164)
	at org.gradle.internal.work.DefaultConditionalExecutionQueue$ExecutionRunner.run(DefaultConditionalExecutionQueue.java:133)
	at java.base/java.util.concurrent.Executors$RunnableAdapter.call(Executors.java:539)
	at java.base/java.util.concurrent.FutureTask.run(FutureTask.java:264)
	at org.gradle.internal.concurrent.ExecutorPolicy$CatchAndRecordFailures.onExecute(ExecutorPolicy.java:64)
	at org.gradle.internal.concurrent.AbstractManagedExecutor$1.run(AbstractManagedExecutor.java:47)
	at java.base/java.util.concurrent.ThreadPoolExecutor.runWorker(ThreadPoolExecutor.java:1136)
	at java.base/java.util.concurrent.ThreadPoolExecutor$Worker.run(ThreadPoolExecutor.java:635)
	at java.base/java.lang.Thread.run(Thread.java:840)
w: Failed to compile with Kotlin daemon
Using fallback strategy: Compile without Kotlin daemon
Try ./gradlew --stop if this issue persists
If it does not look related to your configuration, please file an issue with logs to https://kotl.in/issue
w: file:///home/lola/AndroidStudioProjects/Waypoint/app/src/main/java/com/khaled/move/navigation/engine/WalkingSpeedEstimator.kt:47:85 Redundant call of conversion method.

[Incubating] Problems report is available at: file:///home/lola/AndroidStudioProjects/Waypoint/build/reports/problems/problems-report.html

BUILD SUCCESSFUL in 11s
36 actionable tasks: 7 executed, 29 up-to-date
Consider enabling configuration cache to speed up this build: https://docs.gradle.org/9.3.1/userguide/configuration_cache_enabling.html
2026-09-04T13:13:42.293+0300 [DEBUG] [org.gradle.launcher.daemon.server.exec.ExecuteBuild] The daemon has finished executing the build.
2026-09-04T13:13:42.301+0300 [DEBUG] [org.gradle.launcher.daemon.server.DaemonStateCoordinator] daemon stop has been requested. Sleeping until state changes.
2026-09-04T13:13:42.301+0300 [DEBUG] [org.gradle.launcher.daemon.server.DaemonStateCoordinator] Command execution: finished waiting for DaemonCommandExecution[command = Build{id=f77568a3-5c66-40af-9095-cd0e8b14c82a, currentDir=/home/lola/AndroidStudioProjects/Waypoint}, connection = DefaultDaemonConnection: socket connection from /127.0.0.1:42853 to /127.0.0.1:48000]. Result org.gradle.launcher.daemon.server.DaemonStateCoordinator@12469560 with state StopRequested
2026-09-04T13:13:42.301+0300 [DEBUG] [org.gradle.launcher.daemon.server.DaemonStateCoordinator] Command execution: completed DaemonCommandExecution[command = Build{id=f77568a3-5c66-40af-9095-cd0e8b14c82a, currentDir=/home/lola/AndroidStudioProjects/Waypoint}, connection = DefaultDaemonConnection: socket connection from /127.0.0.1:42853 to /127.0.0.1:48000]
2026-09-04T13:13:42.301+0300 [DEBUG] [org.gradle.launcher.daemon.server.DaemonStateCoordinator] resetting idle timer
2026-09-04T13:13:42.301+0300 [DEBUG] [org.gradle.launcher.daemon.server.DaemonStateCoordinator] Marking daemon stopped due to command completed and stop requested. The daemon is not running a build
2026-09-04T13:13:42.301+0300 [DEBUG] [org.gradle.launcher.daemon.server.DaemonStateCoordinator] daemon has stopped.
2026-09-04T13:13:42.301+0300 [DEBUG] [org.gradle.launcher.daemon.server.exec.ReturnResult] Daemon is dispatching the build result: Success[value=org.gradle.launcher.exec.BuildActionResult@112a19a8]
2026-09-04T13:13:42.302+0300 [DEBUG] [org.gradle.launcher.daemon.server.SynchronizedDispatchConnection] thread 28: dispatching Success[value=org.gradle.launcher.exec.BuildActionResult@112a19a8]
2026-09-04T13:13:42.302+0300 [DEBUG] [org.gradle.launcher.daemon.server.Daemon] stop() called on daemon
2026-09-04T13:13:42.302+0300 [INFO] [org.gradle.launcher.daemon.server.Daemon] Stop requested. Daemon is removing its presence from the registry...
2026-09-04T13:13:42.302+0300 [DEBUG] [org.gradle.launcher.daemon.server.DaemonRegistryUpdater] Removing our presence to clients, eg. removing this address from the registry: [a085536a-ff75-4e0b-80a3-92003397dce1 port:42853, addresses:[localhost/127.0.0.1]]
2026-09-04T13:13:42.302+0300 [DEBUG] [org.gradle.launcher.daemon.registry.PersistentDaemonRegistry] Removing daemon address: [a085536a-ff75-4e0b-80a3-92003397dce1 port:42853, addresses:[localhost/127.0.0.1]]
2026-09-04T13:13:42.302+0300 [DEBUG] [org.gradle.launcher.daemon.server.exec.CleanUpVirtualFileSystemAfterBuild] Cleaning virtual file system after build finished
2026-09-04T13:13:42.302+0300 [DEBUG] [org.gradle.cache.internal.DefaultFileLockManager] Waiting to acquire exclusive lock on daemon addresses registry.
2026-09-04T13:13:42.302+0300 [DEBUG] [org.gradle.launcher.daemon.server.SynchronizedDispatchConnection] thread 29: received class org.gradle.launcher.daemon.protocol.CloseInput
2026-09-04T13:13:42.302+0300 [DEBUG] [org.gradle.launcher.daemon.server.DefaultIncomingConnectionHandler] Finishing executing command: Build{id=f77568a3-5c66-40af-9095-cd0e8b14c82a, currentDir=/home/lola/AndroidStudioProjects/Waypoint}
2026-09-04T13:13:42.302+0300 [DEBUG] [org.gradle.launcher.daemon.server.DefaultDaemonConnection] thread 29: Received IO message from client: org.gradle.launcher.daemon.protocol.CloseInput@3fdd3e03
2026-09-04T13:13:42.302+0300 [DEBUG] [org.gradle.cache.internal.DefaultFileLockManager] Lock acquired on daemon addresses registry.
2026-09-04T13:13:42.303+0300 [DEBUG] [org.gradle.cache.internal.DefaultFileLockManager] Releasing lock on daemon addresses registry.
2026-09-04T13:13:42.303+0300 [DEBUG] [org.gradle.launcher.daemon.server.DaemonRegistryUpdater] Address removed from registry.
2026-09-04T13:13:42.344+0300 [DEBUG] [org.gradle.launcher.daemon.server.SynchronizedDispatchConnection] thread 29: received class org.gradle.launcher.daemon.protocol.Finished
2026-09-04T13:13:42.345+0300 [DEBUG] [org.gradle.launcher.daemon.server.DefaultDaemonConnection] thread 29: Received non-IO message from client: org.gradle.launcher.daemon.protocol.Finished@42449367
2026-09-04T13:13:42.345+0300 [DEBUG] [org.gradle.launcher.daemon.server.DefaultIncomingConnectionHandler] Received finished message: org.gradle.launcher.daemon.protocol.Finished@42449367
2026-09-04T13:13:42.345+0300 [DEBUG] [org.gradle.launcher.daemon.server.SynchronizedDispatchConnection] thread 28: stopping connection
2026-09-04T13:13:42.347+0300 [DEBUG] [org.gradle.internal.remote.internal.inet.SocketConnection] Discarding EOFException: java.io.EOFException
2026-09-04T13:13:42.347+0300 [DEBUG] [org.gradle.launcher.daemon.server.SynchronizedDispatchConnection] thread 29: received null
2026-09-04T13:13:42.347+0300 [DEBUG] [org.gradle.launcher.daemon.server.DefaultDaemonConnection] thread 29: Received end-of-input from client.
2026-09-04T13:13:42.347+0300 [DEBUG] [org.gradle.launcher.daemon.server.SynchronizedDispatchConnection] thread 28: stopping connection
2026-09-04T13:13:42.349+0300 [DEBUG] [org.gradle.cache.internal.DefaultCacheCleanupExecutor] jars (/home/lola/AndroidStudioProjects/Waypoint/.gradle-user-home/caches/jars-9) has last been fully cleaned up 0 hours ago
2026-09-04T13:13:42.349+0300 [DEBUG] [org.gradle.cache.internal.DefaultCacheCleanupExecutor] Skipping cleanup for jars (/home/lola/AndroidStudioProjects/Waypoint/.gradle-user-home/caches/jars-9) as it is not yet due
2026-09-04T13:13:42.349+0300 [DEBUG] [org.gradle.cache.internal.DefaultCacheCoordinator] Cache jars (/home/lola/AndroidStudioProjects/Waypoint/.gradle-user-home/caches/jars-9) was closed 0 times.
2026-09-04T13:13:42.349+0300 [DEBUG] [org.gradle.cache.internal.LockOnDemandCrossProcessCacheAccess] Releasing file lock for file content cache (/home/lola/AndroidStudioProjects/Waypoint/.gradle-user-home/caches/9.3.1/fileContent)
2026-09-04T13:13:42.349+0300 [DEBUG] [org.gradle.cache.internal.DefaultFileLockManager] Releasing lock on file content cache (/home/lola/AndroidStudioProjects/Waypoint/.gradle-user-home/caches/9.3.1/fileContent).
2026-09-04T13:13:42.349+0300 [DEBUG] [org.gradle.internal.watch.vfs.impl.WatchingVirtualFileSystem] Closing VFS, dropping state
2026-09-04T13:13:42.355+0300 [DEBUG] [org.gradle.cache.internal.LockOnDemandCrossProcessCacheAccess] Releasing file lock for Generated Gradle JARs cache (/home/lola/AndroidStudioProjects/Waypoint/.gradle-user-home/caches/9.3.1/generated-gradle-jars)
2026-09-04T13:13:42.355+0300 [DEBUG] [org.gradle.internal.watch.registry.impl.DefaultFileWatcherRegistry] Finished listening to file system change events
2026-09-04T13:13:42.355+0300 [DEBUG] [org.gradle.cache.internal.DefaultFileLockManager] Releasing lock on Generated Gradle JARs cache (/home/lola/AndroidStudioProjects/Waypoint/.gradle-user-home/caches/9.3.1/generated-gradle-jars).
2026-09-04T13:13:42.355+0300 [DEBUG] [org.gradle.cache.internal.LockOnDemandCrossProcessCacheAccess] Releasing file lock for artifact cache (/home/lola/AndroidStudioProjects/Waypoint/.gradle-user-home/caches/modules-2)
2026-09-04T13:13:42.355+0300 [DEBUG] [org.gradle.cache.internal.btree.BTreePersistentIndexedCache] Closing cache module-artifact.bin (/home/lola/AndroidStudioProjects/Waypoint/.gradle-user-home/caches/modules-2/metadata-2.107/module-artifact.bin)
2026-09-04T13:13:42.355+0300 [DEBUG] [org.gradle.cache.internal.btree.BTreePersistentIndexedCache] Closing cache module-metadata.bin (/home/lola/AndroidStudioProjects/Waypoint/.gradle-user-home/caches/modules-2/metadata-2.107/module-metadata.bin)
2026-09-04T13:13:42.355+0300 [DEBUG] [org.gradle.cache.internal.DefaultFileLockManager] Releasing lock on artifact cache (/home/lola/AndroidStudioProjects/Waypoint/.gradle-user-home/caches/modules-2).
2026-09-04T13:13:42.356+0300 [DEBUG] [org.gradle.cache.internal.DefaultCacheCleanupExecutor] artifact cache (/home/lola/AndroidStudioProjects/Waypoint/.gradle-user-home/caches/modules-2) has last been fully cleaned up 0 hours ago
2026-09-04T13:13:42.356+0300 [DEBUG] [org.gradle.cache.internal.DefaultCacheCleanupExecutor] Skipping cleanup for artifact cache (/home/lola/AndroidStudioProjects/Waypoint/.gradle-user-home/caches/modules-2) as it is not yet due
2026-09-04T13:13:42.356+0300 [DEBUG] [org.gradle.cache.internal.DefaultCacheCleanupExecutor] groovy-dsl (/home/lola/AndroidStudioProjects/Waypoint/.gradle-user-home/caches/9.3.1/groovy-dsl) has last been fully cleaned up 0 hours ago
2026-09-04T13:13:42.356+0300 [DEBUG] [org.gradle.cache.internal.DefaultCacheCleanupExecutor] Skipping cleanup for groovy-dsl (/home/lola/AndroidStudioProjects/Waypoint/.gradle-user-home/caches/9.3.1/groovy-dsl) as it is not yet due
2026-09-04T13:13:42.356+0300 [DEBUG] [org.gradle.cache.internal.DefaultCacheCoordinator] Cache groovy-dsl (/home/lola/AndroidStudioProjects/Waypoint/.gradle-user-home/caches/9.3.1/groovy-dsl) was closed 0 times.
2026-09-04T13:13:42.356+0300 [DEBUG] [org.gradle.cache.internal.DefaultCacheCleanupExecutor] Artifact transforms cache (/home/lola/AndroidStudioProjects/Waypoint/.gradle-user-home/caches/9.3.1/transforms) has last been fully cleaned up 0 hours ago
2026-09-04T13:13:42.356+0300 [DEBUG] [org.gradle.cache.internal.DefaultCacheCleanupExecutor] Skipping cleanup for Artifact transforms cache (/home/lola/AndroidStudioProjects/Waypoint/.gradle-user-home/caches/9.3.1/transforms) as it is not yet due
2026-09-04T13:13:42.356+0300 [DEBUG] [org.gradle.cache.internal.DefaultCacheCoordinator] Cache Artifact transforms cache (/home/lola/AndroidStudioProjects/Waypoint/.gradle-user-home/caches/9.3.1/transforms) was closed 0 times.
2026-09-04T13:13:42.356+0300 [DEBUG] [org.gradle.cache.internal.DefaultCacheCleanupExecutor] kotlin-dsl (/home/lola/AndroidStudioProjects/Waypoint/.gradle-user-home/caches/9.3.1/kotlin-dsl) has last been fully cleaned up 0 hours ago
2026-09-04T13:13:42.356+0300 [DEBUG] [org.gradle.cache.internal.DefaultCacheCleanupExecutor] Skipping cleanup for kotlin-dsl (/home/lola/AndroidStudioProjects/Waypoint/.gradle-user-home/caches/9.3.1/kotlin-dsl) as it is not yet due
2026-09-04T13:13:42.356+0300 [DEBUG] [org.gradle.cache.internal.DefaultCacheCoordinator] Cache kotlin-dsl (/home/lola/AndroidStudioProjects/Waypoint/.gradle-user-home/caches/9.3.1/kotlin-dsl) was closed 0 times.
2026-09-04T13:13:42.357+0300 [DEBUG] [org.gradle.cache.internal.LockOnDemandCrossProcessCacheAccess] Releasing file lock for journal cache (/home/lola/AndroidStudioProjects/Waypoint/.gradle-user-home/caches/journal-1)
2026-09-04T13:13:42.357+0300 [DEBUG] [org.gradle.cache.internal.btree.BTreePersistentIndexedCache] Closing cache file-access.bin (/home/lola/AndroidStudioProjects/Waypoint/.gradle-user-home/caches/journal-1/file-access.bin)
2026-09-04T13:13:42.357+0300 [DEBUG] [org.gradle.cache.internal.DefaultFileLockManager] Releasing lock on journal cache (/home/lola/AndroidStudioProjects/Waypoint/.gradle-user-home/caches/journal-1).
2026-09-04T13:13:42.357+0300 [DEBUG] [org.gradle.cache.internal.LockOnDemandCrossProcessCacheAccess] Releasing file lock for file hash cache (/home/lola/AndroidStudioProjects/Waypoint/.gradle-user-home/caches/9.3.1/fileHashes)
2026-09-04T13:13:42.357+0300 [DEBUG] [org.gradle.cache.internal.btree.BTreePersistentIndexedCache] Closing cache kotlinDslCompileAvoidanceClasspathHashCache.bin (/home/lola/AndroidStudioProjects/Waypoint/.gradle-user-home/caches/9.3.1/fileHashes/kotlinDslCompileAvoidanceClasspathHashCache.bin)
2026-09-04T13:13:42.357+0300 [DEBUG] [org.gradle.cache.internal.btree.BTreePersistentIndexedCache] Closing cache fileHashes.bin (/home/lola/AndroidStudioProjects/Waypoint/.gradle-user-home/caches/9.3.1/fileHashes/fileHashes.bin)
2026-09-04T13:13:42.357+0300 [DEBUG] [org.gradle.cache.internal.btree.BTreePersistentIndexedCache] Closing cache resourceHashesCache.bin (/home/lola/AndroidStudioProjects/Waypoint/.gradle-user-home/caches/9.3.1/fileHashes/resourceHashesCache.bin)
2026-09-04T13:13:42.357+0300 [DEBUG] [org.gradle.cache.internal.DefaultFileLockManager] Releasing lock on file hash cache (/home/lola/AndroidStudioProjects/Waypoint/.gradle-user-home/caches/9.3.1/fileHashes).
2026-09-04T13:13:42.358+0300 [DEBUG] [org.gradle.internal.operations.DefaultBuildOperationRunner] Build operation 'Deleting unused version-specific caches in /home/lola/AndroidStudioProjects/Waypoint/.gradle-user-home/caches' started
2026-09-04T13:13:42.358+0300 [DEBUG] [org.gradle.internal.operations.DefaultBuildOperationRunner] Completing Build operation 'Deleting unused version-specific caches in /home/lola/AndroidStudioProjects/Waypoint/.gradle-user-home/caches'
2026-09-04T13:13:42.358+0300 [DEBUG] [org.gradle.internal.operations.DefaultBuildOperationRunner] Build operation 'Deleting unused version-specific caches in /home/lola/AndroidStudioProjects/Waypoint/.gradle-user-home/caches' completed
2026-09-04T13:13:42.358+0300 [DEBUG] [org.gradle.launcher.daemon.server.Daemon] stop() called on daemon
2026-09-04T13:13:42.358+0300 [INFO] [org.gradle.launcher.daemon.server.Daemon] Stop requested. Daemon is removing its presence from the registry...
2026-09-04T13:13:42.359+0300 [DEBUG] [org.gradle.launcher.daemon.server.DaemonRegistryUpdater] Removing our presence to clients, eg. removing this address from the registry: [a085536a-ff75-4e0b-80a3-92003397dce1 port:42853, addresses:[localhost/127.0.0.1]]
2026-09-04T13:13:42.359+0300 [DEBUG] [org.gradle.launcher.daemon.registry.PersistentDaemonRegistry] Removing daemon address: [a085536a-ff75-4e0b-80a3-92003397dce1 port:42853, addresses:[localhost/127.0.0.1]]
2026-09-04T13:13:42.359+0300 [DEBUG] [org.gradle.cache.internal.DefaultFileLockManager] Waiting to acquire exclusive lock on daemon addresses registry.
2026-09-04T13:13:42.359+0300 [DEBUG] [org.gradle.cache.internal.DefaultFileLockManager] Lock acquired on daemon addresses registry.
2026-09-04T13:13:42.359+0300 [DEBUG] [org.gradle.cache.internal.DefaultFileLockManager] Releasing lock on daemon addresses registry.
2026-09-04T13:13:42.359+0300 [DEBUG] [org.gradle.launcher.daemon.server.DaemonRegistryUpdater] Address removed from registry.
2026-09-04T13:13:42.359+0300 [DEBUG] [org.gradle.cache.internal.locklistener.DefaultFileLockContentionHandler] File lock listener thread completed.
Daemon vm is shutting down... The daemon has exited normally or was terminated in response to a user interrupt.
2026-09-04T13:13:42.360+0300 [DEBUG] [org.gradle.launcher.daemon.registry.PersistentDaemonRegistry] Removing daemon address: [a085536a-ff75-4e0b-80a3-92003397dce1 port:42853, addresses:[localhost/127.0.0.1]]
2026-09-04T13:13:42.360+0300 [DEBUG] [org.gradle.launcher.daemon.server.Daemon] VM shutdown hook was unable to remove the daemon address from the registry. It will be cleaned up later.
java.lang.IllegalStateException: Cannot start managing file contention because this handler has been closed.
	at org.gradle.cache.internal.locklistener.DefaultFileLockContentionHandler.assertNotStopped(DefaultFileLockContentionHandler.java:267)
	at org.gradle.cache.internal.locklistener.DefaultFileLockContentionHandler.reservePort(DefaultFileLockContentionHandler.java:312)
	at org.gradle.cache.internal.DefaultFileLockManager.lock(DefaultFileLockManager.java:124)
	at org.gradle.cache.internal.DefaultFileLockManager.lock(DefaultFileLockManager.java:106)
	at org.gradle.cache.internal.DefaultFileLockManager.lock(DefaultFileLockManager.java:101)
	at org.gradle.cache.internal.OnDemandFileAccess.updateFile(OnDemandFileAccess.java:51)
	at org.gradle.cache.internal.FileBackedObjectHolder.update(FileBackedObjectHolder.java:77)
	at org.gradle.cache.internal.FileIntegrityViolationSuppressingObjectHolderDecorator.lambda$update$0(FileIntegrityViolationSuppressingObjectHolderDecorator.java:48)
	at org.gradle.cache.internal.FileIntegrityViolationSuppressingObjectHolderDecorator.doUpdate(FileIntegrityViolationSuppressingObjectHolderDecorator.java:58)
	at org.gradle.cache.internal.FileIntegrityViolationSuppressingObjectHolderDecorator.update(FileIntegrityViolationSuppressingObjectHolderDecorator.java:48)
	at org.gradle.launcher.daemon.registry.PersistentDaemonRegistry.remove(PersistentDaemonRegistry.java:133)
	at org.gradle.launcher.daemon.server.Daemon$1.run(Daemon.java:133)
	at java.base/java.lang.Thread.run(Thread.java:840)
